Archive member included to satisfy reference by file (symbol)

c:/st/stm32cubeide_1.12.1/stm32cubeide/plugins/com.st.stm32cube.ide.mcu.externaltools.gnu-tools-for-stm32.10.3-2021.10.win32_1.0.200.202301161003/tools/bin/../lib/gcc/arm-none-eabi/10.3.1/../../../../arm-none-eabi/lib/thumb/v7e-m+fp/hard\libc_nano.a(lib_a-errno.o)
                              ./Core/Src/syscalls.o (__errno)
c:/st/stm32cubeide_1.12.1/stm32cubeide/plugins/com.st.stm32cube.ide.mcu.externaltools.gnu-tools-for-stm32.10.3-2021.10.win32_1.0.200.202301161003/tools/bin/../lib/gcc/arm-none-eabi/10.3.1/../../../../arm-none-eabi/lib/thumb/v7e-m+fp/hard\libc_nano.a(lib_a-exit.o)
                              c:/st/stm32cubeide_1.12.1/stm32cubeide/plugins/com.st.stm32cube.ide.mcu.externaltools.gnu-tools-for-stm32.10.3-2021.10.win32_1.0.200.202301161003/tools/bin/../lib/gcc/arm-none-eabi/10.3.1/../../../../arm-none-eabi/lib/thumb/v7e-m+fp/hard/crt0.o (exit)
c:/st/stm32cubeide_1.12.1/stm32cubeide/plugins/com.st.stm32cube.ide.mcu.externaltools.gnu-tools-for-stm32.10.3-2021.10.win32_1.0.200.202301161003/tools/bin/../lib/gcc/arm-none-eabi/10.3.1/../../../../arm-none-eabi/lib/thumb/v7e-m+fp/hard\libc_nano.a(lib_a-impure.o)
                              c:/st/stm32cubeide_1.12.1/stm32cubeide/plugins/com.st.stm32cube.ide.mcu.externaltools.gnu-tools-for-stm32.10.3-2021.10.win32_1.0.200.202301161003/tools/bin/../lib/gcc/arm-none-eabi/10.3.1/../../../../arm-none-eabi/lib/thumb/v7e-m+fp/hard\libc_nano.a(lib_a-exit.o) (_global_impure_ptr)
c:/st/stm32cubeide_1.12.1/stm32cubeide/plugins/com.st.stm32cube.ide.mcu.externaltools.gnu-tools-for-stm32.10.3-2021.10.win32_1.0.200.202301161003/tools/bin/../lib/gcc/arm-none-eabi/10.3.1/../../../../arm-none-eabi/lib/thumb/v7e-m+fp/hard\libc_nano.a(lib_a-init.o)
                              c:/st/stm32cubeide_1.12.1/stm32cubeide/plugins/com.st.stm32cube.ide.mcu.externaltools.gnu-tools-for-stm32.10.3-2021.10.win32_1.0.200.202301161003/tools/bin/../lib/gcc/arm-none-eabi/10.3.1/../../../../arm-none-eabi/lib/thumb/v7e-m+fp/hard/crt0.o (__libc_init_array)
c:/st/stm32cubeide_1.12.1/stm32cubeide/plugins/com.st.stm32cube.ide.mcu.externaltools.gnu-tools-for-stm32.10.3-2021.10.win32_1.0.200.202301161003/tools/bin/../lib/gcc/arm-none-eabi/10.3.1/../../../../arm-none-eabi/lib/thumb/v7e-m+fp/hard\libc_nano.a(lib_a-memcpy-stub.o)
                              ./Middlewares/Third_Party/FreeRTOS/Source/CMSIS_RTOS_V2/cmsis_os2.o (memcpy)
c:/st/stm32cubeide_1.12.1/stm32cubeide/plugins/com.st.stm32cube.ide.mcu.externaltools.gnu-tools-for-stm32.10.3-2021.10.win32_1.0.200.202301161003/tools/bin/../lib/gcc/arm-none-eabi/10.3.1/../../../../arm-none-eabi/lib/thumb/v7e-m+fp/hard\libc_nano.a(lib_a-memset.o)
                              c:/st/stm32cubeide_1.12.1/stm32cubeide/plugins/com.st.stm32cube.ide.mcu.externaltools.gnu-tools-for-stm32.10.3-2021.10.win32_1.0.200.202301161003/tools/bin/../lib/gcc/arm-none-eabi/10.3.1/../../../../arm-none-eabi/lib/thumb/v7e-m+fp/hard/crt0.o (memset)
c:/st/stm32cubeide_1.12.1/stm32cubeide/plugins/com.st.stm32cube.ide.mcu.externaltools.gnu-tools-for-stm32.10.3-2021.10.win32_1.0.200.202301161003/tools/bin/../lib/gcc/arm-none-eabi/10.3.1/thumb/v7e-m+fp/hard\libgcc.a(_aeabi_uldivmod.o)
                              ./Drivers/STM32F4xx_HAL_Driver/Src/stm32f4xx_hal_rcc.o (__aeabi_uldivmod)
c:/st/stm32cubeide_1.12.1/stm32cubeide/plugins/com.st.stm32cube.ide.mcu.externaltools.gnu-tools-for-stm32.10.3-2021.10.win32_1.0.200.202301161003/tools/bin/../lib/gcc/arm-none-eabi/10.3.1/thumb/v7e-m+fp/hard\libgcc.a(_udivmoddi4.o)
                              c:/st/stm32cubeide_1.12.1/stm32cubeide/plugins/com.st.stm32cube.ide.mcu.externaltools.gnu-tools-for-stm32.10.3-2021.10.win32_1.0.200.202301161003/tools/bin/../lib/gcc/arm-none-eabi/10.3.1/thumb/v7e-m+fp/hard\libgcc.a(_aeabi_uldivmod.o) (__udivmoddi4)
c:/st/stm32cubeide_1.12.1/stm32cubeide/plugins/com.st.stm32cube.ide.mcu.externaltools.gnu-tools-for-stm32.10.3-2021.10.win32_1.0.200.202301161003/tools/bin/../lib/gcc/arm-none-eabi/10.3.1/thumb/v7e-m+fp/hard\libgcc.a(_dvmd_tls.o)
                              c:/st/stm32cubeide_1.12.1/stm32cubeide/plugins/com.st.stm32cube.ide.mcu.externaltools.gnu-tools-for-stm32.10.3-2021.10.win32_1.0.200.202301161003/tools/bin/../lib/gcc/arm-none-eabi/10.3.1/thumb/v7e-m+fp/hard\libgcc.a(_aeabi_uldivmod.o) (__aeabi_ldiv0)

Discarded input sections

 .text          0x0000000000000000        0x0 c:/st/stm32cubeide_1.12.1/stm32cubeide/plugins/com.st.stm32cube.ide.mcu.externaltools.gnu-tools-for-stm32.10.3-2021.10.win32_1.0.200.202301161003/tools/bin/../lib/gcc/arm-none-eabi/10.3.1/thumb/v7e-m+fp/hard/crti.o
 .data          0x0000000000000000        0x0 c:/st/stm32cubeide_1.12.1/stm32cubeide/plugins/com.st.stm32cube.ide.mcu.externaltools.gnu-tools-for-stm32.10.3-2021.10.win32_1.0.200.202301161003/tools/bin/../lib/gcc/arm-none-eabi/10.3.1/thumb/v7e-m+fp/hard/crti.o
[...]
Memory Configuration

Name             Origin             Length             Attributes
RAM              0x0000000020000000 0x0000000000020000 xrw
FLASH            0x0000000008000000 0x0000000000080000 xr
*default*        0x0000000000000000 0xffffffffffffffff

Linker script and memory map

LOAD c:/st/stm32cubeide_1.12.1/stm32cubeide/plugins/com.st.stm32cube.ide.mcu.externaltools.gnu-tools-for-stm32.10.3-2021.10.win32_1.0.200.202301161003/tools/bin/../lib/gcc/arm-none-eabi/10.3.1/thumb/v7e-m+fp/hard/crti.o
LOAD c:/st/stm32cubeide_1.12.1/stm32cubeide/plugins/com.st.stm32cube.ide.mcu.externaltools.gnu-tools-for-stm32.10.3-2021.10.win32_1.0.200.202301161003/tools/bin/../lib/gcc/arm-none-eabi/10.3.1/thumb/v7e-m+fp/hard/crtbegin.o
LOAD c:/st/stm32cubeide_1.12.1/stm32cubeide/plugins/com.st.stm32cube.ide.mcu.externaltools.gnu-tools-for-stm32.10.3-2021.10.win32_1.0.200.202301161003/tools/bin/../lib/gcc/arm-none-eabi/10.3.1/../../../../arm-none-eabi/lib/thumb/v7e-m+fp/hard/crt0.o
LOAD ./Core/Src/freertos.o
LOAD ./Core/Src/main.o
LOAD ./Core/Src/stm32f4xx_hal_msp.o
LOAD ./Core/Src/stm32f4xx_it.o
LOAD ./Core/Src/syscalls.o
LOAD ./Core/Src/sysmem.o
LOAD ./Core/Src/system_stm32f4xx.o
LOAD ./Core/Startup/startup_stm32f446retx.o
LOAD ./Drivers/STM32F4xx_HAL_Driver/Src/stm32f4xx_hal.o
LOAD ./Drivers/STM32F4xx_HAL_Driver/Src/stm32f4xx_hal_cortex.o
LOAD ./Drivers/STM32F4xx_HAL_Driver/Src/stm32f4xx_hal_dma.o
LOAD ./Drivers/STM32F4xx_HAL_Driver/Src/stm32f4xx_hal_dma_ex.o
LOAD ./Drivers/STM32F4xx_HAL_Driver/Src/stm32f4xx_hal_exti.o
LOAD ./Drivers/STM32F4xx_HAL_Driver/Src/stm32f4xx_hal_flash.o
LOAD ./Drivers/STM32F4xx_HAL_Driver/Src/stm32f4xx_hal_flash_ex.o
LOAD ./Drivers/STM32F4xx_HAL_Driver/Src/stm32f4xx_hal_flash_ramfunc.o
LOAD ./Drivers/STM32F4xx_HAL_Driver/Src/stm32f4xx_hal_gpio.o
LOAD ./Drivers/STM32F4xx_HAL_Driver/Src/stm32f4xx_hal_pwr.o
LOAD ./Drivers/STM32F4xx_HAL_Driver/Src/stm32f4xx_hal_pwr_ex.o
LOAD ./Drivers/STM32F4xx_HAL_Driver/Src/stm32f4xx_hal_rcc.o
LOAD ./Drivers/STM32F4xx_HAL_Driver/Src/stm32f4xx_hal_rcc_ex.o
LOAD ./Drivers/STM32F4xx_HAL_Driver/Src/stm32f4xx_hal_spi.o
LOAD ./Drivers/STM32F4xx_HAL_Driver/Src/stm32f4xx_hal_tim.o
LOAD ./Drivers/STM32F4xx_HAL_Driver/Src/stm32f4xx_hal_tim_ex.o
LOAD ./Middlewares/Third_Party/FreeRTOS/Source/CMSIS_RTOS_V2/cmsis_os2.o
LOAD ./Middlewares/Third_Party/FreeRTOS/Source/croutine.o
LOAD ./Middlewares/Third_Party/FreeRTOS/Source/event_groups.o
LOAD ./Middlewares/Third_Party/FreeRTOS/Source/list.o
LOAD ./Middlewares/Third_Party/FreeRTOS/Source/queue.o
LOAD ./Middlewares/Third_Party/FreeRTOS/Source/stream_buffer.o
LOAD ./Middlewares/Third_Party/FreeRTOS/Source/tasks.o
LOAD ./Middlewares/Third_Party/FreeRTOS/Source/timers.o
LOAD ./Middlewares/Third_Party/FreeRTOS/Source/portable/GCC/ARM_CM4F/port.o
LOAD ./Middlewares/Third_Party/FreeRTOS/Source/portable/MemMang/heap_4.o
START GROUP
LOAD c:/st/stm32cubeide_1.12.1/stm32cubeide/plugins/com.st.stm32cube.ide.mcu.externaltools.gnu-tools-for-stm32.10.3-2021.10.win32_1.0.200.202301161003/tools/bin/../lib/gcc/arm-none-eabi/10.3.1/../../../../arm-none-eabi/lib/thumb/v7e-m+fp/hard\libc_nano.a
LOAD c:/st/stm32cubeide_1.12.1/stm32cubeide/plugins/com.st.stm32cube.ide.mcu.externaltools.gnu-tools-for-stm32.10.3-2021.10.win32_1.0.200.202301161003/tools/bin/../lib/gcc/arm-none-eabi/10.3.1/../../../../arm-none-eabi/lib/thumb/v7e-m+fp/hard\libm.a
END GROUP
START GROUP
LOAD c:/st/stm32cubeide_1.12.1/stm32cubeide/plugins/com.st.stm32cube.ide.mcu.externaltools.gnu-tools-for-stm32.10.3-2021.10.win32_1.0.200.202301161003/tools/bin/../lib/gcc/arm-none-eabi/10.3.1/thumb/v7e-m+fp/hard\libgcc.a
LOAD c:/st/stm32cubeide_1.12.1/stm32cubeide/plugins/com.st.stm32cube.ide.mcu.externaltools.gnu-tools-for-stm32.10.3-2021.10.win32_1.0.200.202301161003/tools/bin/../lib/gcc/arm-none-eabi/10.3.1/../../../../arm-none-eabi/lib/thumb/v7e-m+fp/hard\libc_nano.a
END GROUP
START GROUP
LOAD c:/st/stm32cubeide_1.12.1/stm32cubeide/plugins/com.st.stm32cube.ide.mcu.externaltools.gnu-tools-for-stm32.10.3-2021.10.win32_1.0.200.202301161003/tools/bin/../lib/gcc/arm-none-eabi/10.3.1/thumb/v7e-m+fp/hard\libgcc.a
LOAD c:/st/stm32cubeide_1.12.1/stm32cubeide/plugins/com.st.stm32cube.ide.mcu.externaltools.gnu-tools-for-stm32.10.3-2021.10.win32_1.0.200.202301161003/tools/bin/../lib/gcc/arm-none-eabi/10.3.1/../../../../arm-none-eabi/lib/thumb/v7e-m+fp/hard\libc_nano.a
LOAD c:/st/stm32cubeide_1.12.1/stm32cubeide/plugins/com.st.stm32cube.ide.mcu.externaltools.gnu-tools-for-stm32.10.3-2021.10.win32_1.0.200.202301161003/tools/bin/../lib/gcc/arm-none-eabi/10.3.1/../../../../arm-none-eabi/lib/thumb/v7e-m+fp/hard\libnosys.a
END GROUP
START GROUP
LOAD c:/st/stm32cubeide_1.12.1/stm32cubeide/plugins/com.st.stm32cube.ide.mcu.externaltools.gnu-tools-for-stm32.10.3-2021.10.win32_1.0.200.202301161003/tools/bin/../lib/gcc/arm-none-eabi/10.3.1/thumb/v7e-m+fp/hard\libgcc.a
LOAD c:/st/stm32cubeide_1.12.1/stm32cubeide/plugins/com.st.stm32cube.ide.mcu.externaltools.gnu-tools-for-stm32.10.3-2021.10.win32_1.0.200.202301161003/tools/bin/../lib/gcc/arm-none-eabi/10.3.1/../../../../arm-none-eabi/lib/thumb/v7e-m+fp/hard\libc_nano.a
LOAD c:/st/stm32cubeide_1.12.1/stm32cubeide/plugins/com.st.stm32cube.ide.mcu.externaltools.gnu-tools-for-stm32.10.3-2021.10.win32_1.0.200.202301161003/tools/bin/../lib/gcc/arm-none-eabi/10.3.1/../../../../arm-none-eabi/lib/thumb/v7e-m+fp/hard\libnosys.a
END GROUP
LOAD c:/st/stm32cubeide_1.12.1/stm32cubeide/plugins/com.st.stm32cube.ide.mcu.externaltools.gnu-tools-for-stm32.10.3-2021.10.win32_1.0.200.202301161003/tools/bin/../lib/gcc/arm-none-eabi/10.3.1/thumb/v7e-m+fp/hard/crtend.o
LOAD c:/st/stm32cubeide_1.12.1/stm32cubeide/plugins/com.st.stm32cube.ide.mcu.externaltools.gnu-tools-for-stm32.10.3-2021.10.win32_1.0.200.202301161003/tools/bin/../lib/gcc/arm-none-eabi/10.3.1/thumb/v7e-m+fp/hard/crtn.o
                0x0000000020020000                _estack = (ORIGIN (RAM) + LENGTH (RAM))
                0x0000000000000200                _Min_Heap_Size = 0x200
                0x0000000000000400                _Min_Stack_Size = 0x400

.isr_vector     0x0000000008000000      0x1c4
                0x0000000008000000                . = ALIGN (0x4)
 *(.isr_vector)
 .isr_vector    0x0000000008000000      0x1c4 ./Core/Startup/startup_stm32f446retx.o
                0x0000000008000000                g_pfnVectors
                0x00000000080001c4                . = ALIGN (0x4)

.text           0x00000000080001d0     0x4db8
                0x00000000080001d0                . = ALIGN (0x4)
 *(.text)
 .text          0x00000000080001d0       0x40 c:/st/stm32cubeide_1.12.1/stm32cubeide/plugins/com.st.stm32cube.ide.mcu.externaltools.gnu-tools-for-stm32.10.3-2021.10.win32_1.0.200.202301161003/tools/bin/../lib/gcc/arm-none-eabi/10.3.1/thumb/v7e-m+fp/hard/crtbegin.o
 .text          0x0000000008000210       0x30 c:/st/stm32cubeide_1.12.1/stm32cubeide/plugins/com.st.stm32cube.ide.mcu.externaltools.gnu-tools-for-stm32.10.3-2021.10.win32_1.0.200.202301161003/tools/bin/../lib/gcc/arm-none-eabi/10.3.1/thumb/v7e-m+fp/hard\libgcc.a(_aeabi_uldivmod.o)
                0x0000000008000210                __aeabi_uldivmod
 .text          0x0000000008000240      0x2d0 c:/st/stm32cubeide_1.12.1/stm32cubeide/plugins/com.st.stm32cube.ide.mcu.externaltools.gnu-tools-for-stm32.10.3-2021.10.win32_1.0.200.202301161003/tools/bin/../lib/gcc/arm-none-eabi/10.3.1/thumb/v7e-m+fp/hard\libgcc.a(_udivmoddi4.o)
                0x0000000008000240                __udivmoddi4
 .text          0x0000000008000510        0x4 c:/st/stm32cubeide_1.12.1/stm32cubeide/plugins/com.st.stm32cube.ide.mcu.externaltools.gnu-tools-for-stm32.10.3-2021.10.win32_1.0.200.202301161003/tools/bin/../lib/gcc/arm-none-eabi/10.3.1/thumb/v7e-m+fp/hard\libgcc.a(_dvmd_tls.o)
                0x0000000008000510                __aeabi_idiv0
                0x0000000008000510                __aeabi_ldiv0
 *(.text*)
 .text.main     0x0000000008000514       0x60 ./Core/Src/main.o
                0x0000000008000514                main
 .text.SystemClock_Config
                0x0000000008000574       0xe4 ./Core/Src/main.o
                0x0000000008000574                SystemClock_Config
 .text.MX_SPI1_Init
                0x0000000008000658       0x70 ./Core/Src/main.o
 .text.MX_GPIO_Init
                0x00000000080006c8       0xdc ./Core/Src/main.o
 .text.spiTransmitReceiveData
                0x00000000080007a4       0x94 ./Core/Src/main.o
                0x00000000080007a4                spiTransmitReceiveData
 .text.float_for_spi
                0x0000000008000838       0x48 ./Core/Src/main.o
                0x0000000008000838                float_for_spi
 .text.spicommand
                0x0000000008000880       0xd4 ./Core/Src/main.o
                0x0000000008000880                spicommand
 .text.StartDefaultTask
                0x0000000008000954       0xc4 ./Core/Src/main.o
                0x0000000008000954                StartDefaultTask
 .text.StartTask02
                0x0000000008000a18       0x10 ./Core/Src/main.o
                0x0000000008000a18                StartTask02
 .text.Error_Handler
                0x0000000008000a28        0xa ./Core/Src/main.o
                0x0000000008000a28                Error_Handler
 *fill*         0x0000000008000a32        0x2 
 .text.HAL_MspInit
                0x0000000008000a34       0x58 ./Core/Src/stm32f4xx_hal_msp.o
                0x0000000008000a34                HAL_MspInit
 .text.HAL_SPI_MspInit
                0x0000000008000a8c       0x90 ./Core/Src/stm32f4xx_hal_msp.o
                0x0000000008000a8c                HAL_SPI_MspInit
 .text.NMI_Handler
                0x0000000008000b1c        0x6 ./Core/Src/stm32f4xx_it.o
                0x0000000008000b1c                NMI_Handler
 .text.HardFault_Handler
                0x0000000008000b22        0x6 ./Core/Src/stm32f4xx_it.o
                0x0000000008000b22                HardFault_Handler
 .text.MemManage_Handler
                0x0000000008000b28        0x6 ./Core/Src/stm32f4xx_it.o
                0x0000000008000b28                MemManage_Handler
 .text.BusFault_Handler
                0x0000000008000b2e        0x6 ./Core/Src/stm32f4xx_it.o
                0x0000000008000b2e                BusFault_Handler
 .text.UsageFault_Handler
                0x0000000008000b34        0x6 ./Core/Src/stm32f4xx_it.o
                0x0000000008000b34                UsageFault_Handler
 .text.DebugMon_Handler
                0x0000000008000b3a        0xe ./Core/Src/stm32f4xx_it.o
                0x0000000008000b3a                DebugMon_Handler
 .text.SysTick_Handler
                0x0000000008000b48       0x1a ./Core/Src/stm32f4xx_it.o
                0x0000000008000b48                SysTick_Handler
 *fill*         0x0000000008000b62        0x2 
 .text.SystemInit
                0x0000000008000b64       0x24 ./Core/Src/system_stm32f4xx.o
                0x0000000008000b64                SystemInit
 .text.Reset_Handler
                0x0000000008000b88       0x50 ./Core/Startup/startup_stm32f446retx.o
                0x0000000008000b88                Reset_Handler
 .text.Default_Handler
                0x0000000008000bd8        0x2 ./Core/Startup/startup_stm32f446retx.o
                0x0000000008000bd8                RTC_Alarm_IRQHandler
                0x0000000008000bd8                EXTI2_IRQHandler
                0x0000000008000bd8                TIM8_CC_IRQHandler
                0x0000000008000bd8                FMPI2C1_EV_IRQHandler
                0x0000000008000bd8                SPI4_IRQHandler
                0x0000000008000bd8                TIM1_CC_IRQHandler
                0x0000000008000bd8                DMA2_Stream5_IRQHandler
                0x0000000008000bd8                DMA1_Stream5_IRQHandler
                0x0000000008000bd8                PVD_IRQHandler
                0x0000000008000bd8                SDIO_IRQHandler
                0x0000000008000bd8                TAMP_STAMP_IRQHandler
                0x0000000008000bd8                CAN2_RX1_IRQHandler
                0x0000000008000bd8                EXTI3_IRQHandler
                0x0000000008000bd8                TIM8_TRG_COM_TIM14_IRQHandler
                0x0000000008000bd8                TIM1_UP_TIM10_IRQHandler
                0x0000000008000bd8                TIM8_UP_TIM13_IRQHandler
                0x0000000008000bd8                I2C3_ER_IRQHandler
                0x0000000008000bd8                EXTI0_IRQHandler
                0x0000000008000bd8                I2C2_EV_IRQHandler
                0x0000000008000bd8                DMA1_Stream2_IRQHandler
                0x0000000008000bd8                CAN1_RX0_IRQHandler
                0x0000000008000bd8                FPU_IRQHandler
                0x0000000008000bd8                OTG_HS_WKUP_IRQHandler
                0x0000000008000bd8                CAN2_SCE_IRQHandler
                0x0000000008000bd8                DMA2_Stream2_IRQHandler
                0x0000000008000bd8                SPI1_IRQHandler
                0x0000000008000bd8                TIM6_DAC_IRQHandler
                0x0000000008000bd8                TIM1_BRK_TIM9_IRQHandler
                0x0000000008000bd8                DCMI_IRQHandler
                0x0000000008000bd8                CAN2_RX0_IRQHandler
                0x0000000008000bd8                DMA2_Stream3_IRQHandler
                0x0000000008000bd8                SAI2_IRQHandler
                0x0000000008000bd8                USART6_IRQHandler
                0x0000000008000bd8                USART3_IRQHandler
                0x0000000008000bd8                CAN1_RX1_IRQHandler
                0x0000000008000bd8                UART5_IRQHandler
                0x0000000008000bd8                DMA2_Stream0_IRQHandler
                0x0000000008000bd8                TIM4_IRQHandler
                0x0000000008000bd8                QUADSPI_IRQHandler
                0x0000000008000bd8                I2C1_EV_IRQHandler
                0x0000000008000bd8                DMA1_Stream6_IRQHandler
                0x0000000008000bd8                DMA1_Stream1_IRQHandler
                0x0000000008000bd8                UART4_IRQHandler
                0x0000000008000bd8                TIM3_IRQHandler
                0x0000000008000bd8                RCC_IRQHandler
                0x0000000008000bd8                TIM8_BRK_TIM12_IRQHandler
                0x0000000008000bd8                Default_Handler
                0x0000000008000bd8                CEC_IRQHandler
                0x0000000008000bd8                EXTI15_10_IRQHandler
                0x0000000008000bd8                ADC_IRQHandler
                0x0000000008000bd8                DMA1_Stream7_IRQHandler
                0x0000000008000bd8                TIM7_IRQHandler
                0x0000000008000bd8                CAN2_TX_IRQHandler
                0x0000000008000bd8                TIM5_IRQHandler
                0x0000000008000bd8                DMA2_Stream7_IRQHandler
                0x0000000008000bd8                I2C3_EV_IRQHandler
                0x0000000008000bd8                EXTI9_5_IRQHandler
                0x0000000008000bd8                RTC_WKUP_IRQHandler
                0x0000000008000bd8                SPDIF_RX_IRQHandler
                0x0000000008000bd8                SPI2_IRQHandler
                0x0000000008000bd8                OTG_HS_EP1_IN_IRQHandler
                0x0000000008000bd8                DMA1_Stream0_IRQHandler
                0x0000000008000bd8                CAN1_TX_IRQHandler
                0x0000000008000bd8                FMPI2C1_ER_IRQHandler
                0x0000000008000bd8                EXTI4_IRQHandler
                0x0000000008000bd8                OTG_HS_EP1_OUT_IRQHandler
                0x0000000008000bd8                WWDG_IRQHandler
                0x0000000008000bd8                TIM2_IRQHandler
                0x0000000008000bd8                OTG_FS_WKUP_IRQHandler
                0x0000000008000bd8                TIM1_TRG_COM_TIM11_IRQHandler
                0x0000000008000bd8                OTG_HS_IRQHandler
                0x0000000008000bd8                EXTI1_IRQHandler
                0x0000000008000bd8                USART2_IRQHandler
                0x0000000008000bd8                I2C2_ER_IRQHandler
                0x0000000008000bd8                DMA2_Stream1_IRQHandler
                0x0000000008000bd8                CAN1_SCE_IRQHandler
                0x0000000008000bd8                FLASH_IRQHandler
                0x0000000008000bd8                DMA2_Stream4_IRQHandler
                0x0000000008000bd8                USART1_IRQHandler
                0x0000000008000bd8                OTG_FS_IRQHandler
                0x0000000008000bd8                SPI3_IRQHandler
                0x0000000008000bd8                DMA1_Stream4_IRQHandler
                0x0000000008000bd8                I2C1_ER_IRQHandler
                0x0000000008000bd8                FMC_IRQHandler
                0x0000000008000bd8                DMA2_Stream6_IRQHandler
                0x0000000008000bd8                SAI1_IRQHandler
                0x0000000008000bd8                DMA1_Stream3_IRQHandler
 *fill*         0x0000000008000bda        0x2 
 .text.HAL_Init
                0x0000000008000bdc       0x44 ./Drivers/STM32F4xx_HAL_Driver/Src/stm32f4xx_hal.o
                0x0000000008000bdc                HAL_Init
 .text.HAL_InitTick
                0x0000000008000c20       0x60 ./Drivers/STM32F4xx_HAL_Driver/Src/stm32f4xx_hal.o
                0x0000000008000c20                HAL_InitTick
 .text.HAL_IncTick
                0x0000000008000c80       0x28 ./Drivers/STM32F4xx_HAL_Driver/Src/stm32f4xx_hal.o
                0x0000000008000c80                HAL_IncTick
 .text.HAL_GetTick
                0x0000000008000ca8       0x18 ./Drivers/STM32F4xx_HAL_Driver/Src/stm32f4xx_hal.o
                0x0000000008000ca8                HAL_GetTick
 .text.__NVIC_SetPriorityGrouping
                0x0000000008000cc0       0x48 ./Drivers/STM32F4xx_HAL_Driver/Src/stm32f4xx_hal_cortex.o
 .text.__NVIC_GetPriorityGrouping
                0x0000000008000d08       0x1c ./Drivers/STM32F4xx_HAL_Driver/Src/stm32f4xx_hal_cortex.o
 .text.__NVIC_SetPriority
                0x0000000008000d24       0x54 ./Drivers/STM32F4xx_HAL_Driver/Src/stm32f4xx_hal_cortex.o
 .text.NVIC_EncodePriority
                0x0000000008000d78       0x66 ./Drivers/STM32F4xx_HAL_Driver/Src/stm32f4xx_hal_cortex.o
 *fill*         0x0000000008000dde        0x2 
 .text.SysTick_Config
                0x0000000008000de0       0x44 ./Drivers/STM32F4xx_HAL_Driver/Src/stm32f4xx_hal_cortex.o
 .text.HAL_NVIC_SetPriorityGrouping
                0x0000000008000e24       0x16 ./Drivers/STM32F4xx_HAL_Driver/Src/stm32f4xx_hal_cortex.o
                0x0000000008000e24                HAL_NVIC_SetPriorityGrouping
 .text.HAL_NVIC_SetPriority
                0x0000000008000e3a       0x38 ./Drivers/STM32F4xx_HAL_Driver/Src/stm32f4xx_hal_cortex.o
                0x0000000008000e3a                HAL_NVIC_SetPriority
 .text.HAL_SYSTICK_Config
                0x0000000008000e72       0x18 ./Drivers/STM32F4xx_HAL_Driver/Src/stm32f4xx_hal_cortex.o
                0x0000000008000e72                HAL_SYSTICK_Config
 *fill*         0x0000000008000e8a        0x2 
 .text.HAL_GPIO_Init
                0x0000000008000e8c      0x328 ./Drivers/STM32F4xx_HAL_Driver/Src/stm32f4xx_hal_gpio.o
                0x0000000008000e8c                HAL_GPIO_Init
 .text.HAL_GPIO_WritePin
                0x00000000080011b4       0x32 ./Drivers/STM32F4xx_HAL_Driver/Src/stm32f4xx_hal_gpio.o
                0x00000000080011b4                HAL_GPIO_WritePin
 *fill*         0x00000000080011e6        0x2 
 .text.HAL_PWREx_EnableOverDrive
                0x00000000080011e8       0xa0 ./Drivers/STM32F4xx_HAL_Driver/Src/stm32f4xx_hal_pwr_ex.o
                0x00000000080011e8                HAL_PWREx_EnableOverDrive
 .text.HAL_RCC_ClockConfig
                0x0000000008001288      0x1cc ./Drivers/STM32F4xx_HAL_Driver/Src/stm32f4xx_hal_rcc.o
                0x0000000008001288                HAL_RCC_ClockConfig
 .text.HAL_RCC_GetSysClockFreq
                0x0000000008001454      0x460 ./Drivers/STM32F4xx_HAL_Driver/Src/stm32f4xx_hal_rcc_ex.o
                0x0000000008001454                HAL_RCC_GetSysClockFreq
 .text.HAL_RCC_OscConfig
                0x00000000080018b4      0x53c ./Drivers/STM32F4xx_HAL_Driver/Src/stm32f4xx_hal_rcc_ex.o
                0x00000000080018b4                HAL_RCC_OscConfig
 .text.HAL_SPI_Init
                0x0000000008001df0      0x112 ./Drivers/STM32F4xx_HAL_Driver/Src/stm32f4xx_hal_spi.o
                0x0000000008001df0                HAL_SPI_Init
 .text.HAL_SPI_TransmitReceive
                0x0000000008001f02      0x344 ./Drivers/STM32F4xx_HAL_Driver/Src/stm32f4xx_hal_spi.o
                0x0000000008001f02                HAL_SPI_TransmitReceive
 .text.HAL_SPI_GetState
                0x0000000008002246       0x1c ./Drivers/STM32F4xx_HAL_Driver/Src/stm32f4xx_hal_spi.o
                0x0000000008002246                HAL_SPI_GetState
 *fill*         0x0000000008002262        0x2 
 .text.SPI_WaitFlagStateUntilTimeout
                0x0000000008002264      0x110 ./Drivers/STM32F4xx_HAL_Driver/Src/stm32f4xx_hal_spi.o
 .text.SPI_EndRxTxTransaction
                0x0000000008002374       0x84 ./Drivers/STM32F4xx_HAL_Driver/Src/stm32f4xx_hal_spi.o
 .text.__NVIC_SetPriority
                0x00000000080023f8       0x54 ./Middlewares/Third_Party/FreeRTOS/Source/CMSIS_RTOS_V2/cmsis_os2.o
 .text.SVC_Setup
                0x000000000800244c       0x12 ./Middlewares/Third_Party/FreeRTOS/Source/CMSIS_RTOS_V2/cmsis_os2.o
 *fill*         0x000000000800245e        0x2 
 .text.osKernelInitialize
                0x0000000008002460       0x48 ./Middlewares/Third_Party/FreeRTOS/Source/CMSIS_RTOS_V2/cmsis_os2.o
                0x0000000008002460                osKernelInitialize
 .text.osKernelStart
                0x00000000080024a8       0x4c ./Middlewares/Third_Party/FreeRTOS/Source/CMSIS_RTOS_V2/cmsis_os2.o
                0x00000000080024a8                osKernelStart
 .text.osThreadNew
                0x00000000080024f4      0x124 ./Middlewares/Third_Party/FreeRTOS/Source/CMSIS_RTOS_V2/cmsis_os2.o
                0x00000000080024f4                osThreadNew
 .text.osDelay  0x0000000008002618       0x36 ./Middlewares/Third_Party/FreeRTOS/Source/CMSIS_RTOS_V2/cmsis_os2.o
                0x0000000008002618                osDelay
 *fill*         0x000000000800264e        0x2 
 .text.vApplicationGetIdleTaskMemory
                0x0000000008002650       0x34 ./Middlewares/Third_Party/FreeRTOS/Source/CMSIS_RTOS_V2/cmsis_os2.o
                0x0000000008002650                vApplicationGetIdleTaskMemory
 .text.vApplicationGetTimerTaskMemory
                0x0000000008002684       0x34 ./Middlewares/Third_Party/FreeRTOS/Source/CMSIS_RTOS_V2/cmsis_os2.o
                0x0000000008002684                vApplicationGetTimerTaskMemory
 .text.vListInitialise
                0x00000000080026b8       0x40 ./Middlewares/Third_Party/FreeRTOS/Source/list.o
                0x00000000080026b8                vListInitialise
 .text.vListInitialiseItem
                0x00000000080026f8       0x1a ./Middlewares/Third_Party/FreeRTOS/Source/list.o
                0x00000000080026f8                vListInitialiseItem
 .text.vListInsertEnd
                0x0000000008002712       0x48 ./Middlewares/Third_Party/FreeRTOS/Source/list.o
                0x0000000008002712                vListInsertEnd
 .text.vListInsert
                0x000000000800275a       0x72 ./Middlewares/Third_Party/FreeRTOS/Source/list.o
                0x000000000800275a                vListInsert
 .text.uxListRemove
                0x00000000080027cc       0x54 ./Middlewares/Third_Party/FreeRTOS/Source/list.o
                0x00000000080027cc                uxListRemove
 .text.xQueueGenericReset
                0x0000000008002820       0xd0 ./Middlewares/Third_Party/FreeRTOS/Source/queue.o
                0x0000000008002820                xQueueGenericReset
 .text.xQueueGenericCreateStatic
                0x00000000080028f0       0xf0 ./Middlewares/Third_Party/FreeRTOS/Source/queue.o
                0x00000000080028f0                xQueueGenericCreateStatic
 .text.prvInitialiseNewQueue
                0x00000000080029e0       0x46 ./Middlewares/Third_Party/FreeRTOS/Source/queue.o
 *fill*         0x0000000008002a26        0x2 
 .text.xQueueGenericSend
                0x0000000008002a28      0x1fc ./Middlewares/Third_Party/FreeRTOS/Source/queue.o
                0x0000000008002a28                xQueueGenericSend
 .text.xQueueGenericSendFromISR
                0x0000000008002c24      0x136 ./Middlewares/Third_Party/FreeRTOS/Source/queue.o
                0x0000000008002c24                xQueueGenericSendFromISR
 *fill*         0x0000000008002d5a        0x2 
 .text.xQueueReceive
                0x0000000008002d5c      0x1c0 ./Middlewares/Third_Party/FreeRTOS/Source/queue.o
                0x0000000008002d5c                xQueueReceive
 .text.prvCopyDataToQueue
                0x0000000008002f1c       0xd4 ./Middlewares/Third_Party/FreeRTOS/Source/queue.o
 .text.prvCopyDataFromQueue
                0x0000000008002ff0       0x4c ./Middlewares/Third_Party/FreeRTOS/Source/queue.o
 .text.prvUnlockQueue
                0x000000000800303c       0xa4 ./Middlewares/Third_Party/FreeRTOS/Source/queue.o
 .text.prvIsQueueEmpty
                0x00000000080030e0       0x2c ./Middlewares/Third_Party/FreeRTOS/Source/queue.o
 .text.prvIsQueueFull
                0x000000000800310c       0x30 ./Middlewares/Third_Party/FreeRTOS/Source/queue.o
 .text.vQueueAddToRegistry
                0x000000000800313c       0x54 ./Middlewares/Third_Party/FreeRTOS/Source/queue.o
                0x000000000800313c                vQueueAddToRegistry
 .text.vQueueWaitForMessageRestricted
                0x0000000008003190       0x68 ./Middlewares/Third_Party/FreeRTOS/Source/queue.o
                0x0000000008003190                vQueueWaitForMessageRestricted
 .text.xTaskCreateStatic
                0x00000000080031f8       0xba ./Middlewares/Third_Party/FreeRTOS/Source/tasks.o
                0x00000000080031f8                xTaskCreateStatic
 .text.xTaskCreate
                0x00000000080032b2       0x8a ./Middlewares/Third_Party/FreeRTOS/Source/tasks.o
                0x00000000080032b2                xTaskCreate
 .text.prvInitialiseNewTask
                0x000000000800333c      0x11e ./Middlewares/Third_Party/FreeRTOS/Source/tasks.o
 *fill*         0x000000000800345a        0x2 
 .text.prvAddNewTaskToReadyList
                0x000000000800345c       0xe0 ./Middlewares/Third_Party/FreeRTOS/Source/tasks.o
 .text.vTaskDelay
                0x000000000800353c       0x68 ./Middlewares/Third_Party/FreeRTOS/Source/tasks.o
                0x000000000800353c                vTaskDelay
 .text.vTaskStartScheduler
                0x00000000080035a4       0xcc ./Middlewares/Third_Party/FreeRTOS/Source/tasks.o
                0x00000000080035a4                vTaskStartScheduler
 .text.vTaskSuspendAll
                0x0000000008003670       0x1c ./Middlewares/Third_Party/FreeRTOS/Source/tasks.o
                0x0000000008003670                vTaskSuspendAll
 .text.xTaskResumeAll
                0x000000000800368c      0x13c ./Middlewares/Third_Party/FreeRTOS/Source/tasks.o
                0x000000000800368c                xTaskResumeAll
 .text.xTaskGetTickCount
                0x00000000080037c8       0x20 ./Middlewares/Third_Party/FreeRTOS/Source/tasks.o
                0x00000000080037c8                xTaskGetTickCount
 .text.xTaskIncrementTick
                0x00000000080037e8      0x174 ./Middlewares/Third_Party/FreeRTOS/Source/tasks.o
                0x00000000080037e8                xTaskIncrementTick
 .text.vTaskSwitchContext
                0x000000000800395c       0xbc ./Middlewares/Third_Party/FreeRTOS/Source/tasks.o
                0x000000000800395c                vTaskSwitchContext
 .text.vTaskPlaceOnEventList
                0x0000000008003a18       0x48 ./Middlewares/Third_Party/FreeRTOS/Source/tasks.o
                0x0000000008003a18                vTaskPlaceOnEventList
 .text.vTaskPlaceOnEventListRestricted
                0x0000000008003a60       0x58 ./Middlewares/Third_Party/FreeRTOS/Source/tasks.o
                0x0000000008003a60                vTaskPlaceOnEventListRestricted
 .text.xTaskRemoveFromEventList
                0x0000000008003ab8       0xc8 ./Middlewares/Third_Party/FreeRTOS/Source/tasks.o
                0x0000000008003ab8                xTaskRemoveFromEventList
 .text.vTaskInternalSetTimeOutState
                0x0000000008003b80       0x2c ./Middlewares/Third_Party/FreeRTOS/Source/tasks.o
                0x0000000008003b80                vTaskInternalSetTimeOutState
 .text.xTaskCheckForTimeOut
                0x0000000008003bac       0xc4 ./Middlewares/Third_Party/FreeRTOS/Source/tasks.o
                0x0000000008003bac                xTaskCheckForTimeOut
 .text.vTaskMissedYield
                0x0000000008003c70       0x18 ./Middlewares/Third_Party/FreeRTOS/Source/tasks.o
                0x0000000008003c70                vTaskMissedYield
 .text.prvIdleTask
                0x0000000008003c88       0x30 ./Middlewares/Third_Party/FreeRTOS/Source/tasks.o
 .text.prvInitialiseTaskLists
                0x0000000008003cb8       0x80 ./Middlewares/Third_Party/FreeRTOS/Source/tasks.o
 .text.prvCheckTasksWaitingTermination
                0x0000000008003d38       0x5c ./Middlewares/Third_Party/FreeRTOS/Source/tasks.o
 .text.prvDeleteTCB
                0x0000000008003d94       0x5e ./Middlewares/Third_Party/FreeRTOS/Source/tasks.o
 *fill*         0x0000000008003df2        0x2 
 .text.prvResetNextTaskUnblockTime
                0x0000000008003df4       0x40 ./Middlewares/Third_Party/FreeRTOS/Source/tasks.o
 .text.xTaskGetSchedulerState
                0x0000000008003e34       0x3c ./Middlewares/Third_Party/FreeRTOS/Source/tasks.o
                0x0000000008003e34                xTaskGetSchedulerState
 .text.xTaskPriorityDisinherit
                0x0000000008003e70       0xdc ./Middlewares/Third_Party/FreeRTOS/Source/tasks.o
                0x0000000008003e70                xTaskPriorityDisinherit
 .text.prvAddCurrentTaskToDelayedList
                0x0000000008003f4c       0xa8 ./Middlewares/Third_Party/FreeRTOS/Source/tasks.o
 .text.xTimerCreateTimerTask
                0x0000000008003ff4       0x90 ./Middlewares/Third_Party/FreeRTOS/Source/timers.o
                0x0000000008003ff4                xTimerCreateTimerTask
 .text.xTimerGenericCommand
                0x0000000008004084       0x9c ./Middlewares/Third_Party/FreeRTOS/Source/timers.o
                0x0000000008004084                xTimerGenericCommand
 .text.prvProcessExpiredTimer
                0x0000000008004120       0x98 ./Middlewares/Third_Party/FreeRTOS/Source/timers.o
 .text.prvTimerTask
                0x00000000080041b8       0x24 ./Middlewares/Third_Party/FreeRTOS/Source/timers.o
 .text.prvProcessTimerOrBlockTask
                0x00000000080041dc       0x9c ./Middlewares/Third_Party/FreeRTOS/Source/timers.o
 .text.prvGetNextExpireTime
                0x0000000008004278       0x48 ./Middlewares/Third_Party/FreeRTOS/Source/timers.o
 .text.prvSampleTimeNow
                0x00000000080042c0       0x40 ./Middlewares/Third_Party/FreeRTOS/Source/timers.o
 .text.prvInsertTimerInActiveList
                0x0000000008004300       0x84 ./Middlewares/Third_Party/FreeRTOS/Source/timers.o
 .text.prvProcessReceivedCommands
                0x0000000008004384      0x1c4 ./Middlewares/Third_Party/FreeRTOS/Source/timers.o
 .text.prvSwitchTimerLists
                0x0000000008004548       0xc8 ./Middlewares/Third_Party/FreeRTOS/Source/timers.o
 .text.prvCheckForValidListAndQueue
                0x0000000008004610       0x80 ./Middlewares/Third_Party/FreeRTOS/Source/timers.o
 .text.pxPortInitialiseStack
                0x0000000008004690       0x68 ./Middlewares/Third_Party/FreeRTOS/Source/portable/GCC/ARM_CM4F/port.o
                0x0000000008004690                pxPortInitialiseStack
 .text.prvTaskExitError
                0x00000000080046f8       0x58 ./Middlewares/Third_Party/FreeRTOS/Source/portable/GCC/ARM_CM4F/port.o
 .text.SVC_Handler
                0x0000000008004750       0x28 ./Middlewares/Third_Party/FreeRTOS/Source/portable/GCC/ARM_CM4F/port.o
                0x0000000008004750                SVC_Handler
 .text.prvPortStartFirstTask
                0x0000000008004778       0x28 ./Middlewares/Third_Party/FreeRTOS/Source/portable/GCC/ARM_CM4F/port.o
 .text.xPortStartScheduler
                0x00000000080047a0      0x144 ./Middlewares/Third_Party/FreeRTOS/Source/portable/GCC/ARM_CM4F/port.o
                0x00000000080047a0                xPortStartScheduler
 .text.vPortEnterCritical
                0x00000000080048e4       0x60 ./Middlewares/Third_Party/FreeRTOS/Source/portable/GCC/ARM_CM4F/port.o
                0x00000000080048e4                vPortEnterCritical
 .text.vPortExitCritical
                0x0000000008004944       0x54 ./Middlewares/Third_Party/FreeRTOS/Source/portable/GCC/ARM_CM4F/port.o
                0x0000000008004944                vPortExitCritical
 *fill*         0x0000000008004998        0x8 
 .text.PendSV_Handler
                0x00000000080049a0       0x68 ./Middlewares/Third_Party/FreeRTOS/Source/portable/GCC/ARM_CM4F/port.o
                0x00000000080049a0                PendSV_Handler
 .text.xPortSysTickHandler
                0x0000000008004a08       0x44 ./Middlewares/Third_Party/FreeRTOS/Source/portable/GCC/ARM_CM4F/port.o
                0x0000000008004a08                xPortSysTickHandler
 .text.vPortSetupTimerInterrupt
                0x0000000008004a4c       0x48 ./Middlewares/Third_Party/FreeRTOS/Source/portable/GCC/ARM_CM4F/port.o
                0x0000000008004a4c                vPortSetupTimerInterrupt
 .text.vPortEnableVFP
                0x0000000008004a94       0x14 ./Middlewares/Third_Party/FreeRTOS/Source/portable/GCC/ARM_CM4F/port.o
 .text.vPortValidateInterruptPriority
                0x0000000008004aa8       0x80 ./Middlewares/Third_Party/FreeRTOS/Source/portable/GCC/ARM_CM4F/port.o
                0x0000000008004aa8                vPortValidateInterruptPriority
 .text.pvPortMalloc
                0x0000000008004b28      0x198 ./Middlewares/Third_Party/FreeRTOS/Source/portable/MemMang/heap_4.o
                0x0000000008004b28                pvPortMalloc
 .text.vPortFree
                0x0000000008004cc0       0xc4 ./Middlewares/Third_Party/FreeRTOS/Source/portable/MemMang/heap_4.o
                0x0000000008004cc0                vPortFree
 .text.prvHeapInit
                0x0000000008004d84       0xc4 ./Middlewares/Third_Party/FreeRTOS/Source/portable/MemMang/heap_4.o
 .text.prvInsertBlockIntoFreeList
                0x0000000008004e48       0xb4 ./Middlewares/Third_Party/FreeRTOS/Source/portable/MemMang/heap_4.o
 .text.__libc_init_array
                0x0000000008004efc       0x48 c:/st/stm32cubeide_1.12.1/stm32cubeide/plugins/com.st.stm32cube.ide.mcu.externaltools.gnu-tools-for-stm32.10.3-2021.10.win32_1.0.200.202301161003/tools/bin/../lib/gcc/arm-none-eabi/10.3.1/../../../../arm-none-eabi/lib/thumb/v7e-m+fp/hard\libc_nano.a(lib_a-init.o)
                0x0000000008004efc                __libc_init_array
 .text.memcpy   0x0000000008004f44       0x1c c:/st/stm32cubeide_1.12.1/stm32cubeide/plugins/com.st.stm32cube.ide.mcu.externaltools.gnu-tools-for-stm32.10.3-2021.10.win32_1.0.200.202301161003/tools/bin/../lib/gcc/arm-none-eabi/10.3.1/../../../../arm-none-eabi/lib/thumb/v7e-m+fp/hard\libc_nano.a(lib_a-memcpy-stub.o)
                0x0000000008004f44                memcpy
 .text.memset   0x0000000008004f60       0x10 c:/st/stm32cubeide_1.12.1/stm32cubeide/plugins/com.st.stm32cube.ide.mcu.externaltools.gnu-tools-for-stm32.10.3-2021.10.win32_1.0.200.202301161003/tools/bin/../lib/gcc/arm-none-eabi/10.3.1/../../../../arm-none-eabi/lib/thumb/v7e-m+fp/hard\libc_nano.a(lib_a-memset.o)
                0x0000000008004f60                memset
 *(.glue_7)
 .glue_7        0x0000000008004f70        0x0 linker stubs
 *(.glue_7t)
 .glue_7t       0x0000000008004f70        0x0 linker stubs
 *(.eh_frame)
 .eh_frame      0x0000000008004f70        0x0 c:/st/stm32cubeide_1.12.1/stm32cubeide/plugins/com.st.stm32cube.ide.mcu.externaltools.gnu-tools-for-stm32.10.3-2021.10.win32_1.0.200.202301161003/tools/bin/../lib/gcc/arm-none-eabi/10.3.1/thumb/v7e-m+fp/hard/crtbegin.o
 *(.init)
 .init          0x0000000008004f70        0x4 c:/st/stm32cubeide_1.12.1/stm32cubeide/plugins/com.st.stm32cube.ide.mcu.externaltools.gnu-tools-for-stm32.10.3-2021.10.win32_1.0.200.202301161003/tools/bin/../lib/gcc/arm-none-eabi/10.3.1/thumb/v7e-m+fp/hard/crti.o
                0x0000000008004f70                _init
 .init          0x0000000008004f74        0x8 c:/st/stm32cubeide_1.12.1/stm32cubeide/plugins/com.st.stm32cube.ide.mcu.externaltools.gnu-tools-for-stm32.10.3-2021.10.win32_1.0.200.202301161003/tools/bin/../lib/gcc/arm-none-eabi/10.3.1/thumb/v7e-m+fp/hard/crtn.o
 *(.fini)
 .fini          0x0000000008004f7c        0x4 c:/st/stm32cubeide_1.12.1/stm32cubeide/plugins/com.st.stm32cube.ide.mcu.externaltools.gnu-tools-for-stm32.10.3-2021.10.win32_1.0.200.202301161003/tools/bin/../lib/gcc/arm-none-eabi/10.3.1/thumb/v7e-m+fp/hard/crti.o
                0x0000000008004f7c                _fini
 .fini          0x0000000008004f80        0x8 c:/st/stm32cubeide_1.12.1/stm32cubeide/plugins/com.st.stm32cube.ide.mcu.externaltools.gnu-tools-for-stm32.10.3-2021.10.win32_1.0.200.202301161003/tools/bin/../lib/gcc/arm-none-eabi/10.3.1/thumb/v7e-m+fp/hard/crtn.o
                0x0000000008004f88                . = ALIGN (0x4)
                0x0000000008004f88                _etext = .

.vfp11_veneer   0x0000000008004f88        0x0
 .vfp11_veneer  0x0000000008004f88        0x0 linker stubs

.v4_bx          0x0000000008004f88        0x0
 .v4_bx         0x0000000008004f88        0x0 linker stubs

.iplt           0x0000000008004f88        0x0
 .iplt          0x0000000008004f88        0x0 c:/st/stm32cubeide_1.12.1/stm32cubeide/plugins/com.st.stm32cube.ide.mcu.externaltools.gnu-tools-for-stm32.10.3-2021.10.win32_1.0.200.202301161003/tools/bin/../lib/gcc/arm-none-eabi/10.3.1/thumb/v7e-m+fp/hard/crtbegin.o

.rodata         0x0000000008004f88       0x88
                0x0000000008004f88                . = ALIGN (0x4)
 *(.rodata)
 .rodata        0x0000000008004f88       0x15 ./Core/Src/main.o
 *fill*         0x0000000008004f9d        0x3 
 .rodata        0x0000000008004fa0        0x5 ./Middlewares/Third_Party/FreeRTOS/Source/tasks.o
 *fill*         0x0000000008004fa5        0x3 
 .rodata        0x0000000008004fa8        0xd ./Middlewares/Third_Party/FreeRTOS/Source/timers.o
 *(.rodata*)
 *fill*         0x0000000008004fb5        0x3 
 .rodata.defaultTask_attributes
                0x0000000008004fb8       0x24 ./Core/Src/main.o
                0x0000000008004fb8                defaultTask_attributes
 .rodata.myTask02_attributes
                0x0000000008004fdc       0x24 ./Core/Src/main.o
                0x0000000008004fdc                myTask02_attributes
 .rodata.AHBPrescTable
                0x0000000008005000       0x10 ./Core/Src/system_stm32f4xx.o
                0x0000000008005000                AHBPrescTable
                0x0000000008005010                . = ALIGN (0x4)

.ARM.extab      0x0000000008005010        0x0
                0x0000000008005010                . = ALIGN (0x4)
 *(.ARM.extab* .gnu.linkonce.armextab.*)
                0x0000000008005010                . = ALIGN (0x4)

.ARM            0x0000000008005010        0x8
                0x0000000008005010                . = ALIGN (0x4)
                0x0000000008005010                __exidx_start = .
 *(.ARM.exidx*)
 .ARM.exidx     0x0000000008005010        0x8 c:/st/stm32cubeide_1.12.1/stm32cubeide/plugins/com.st.stm32cube.ide.mcu.externaltools.gnu-tools-for-stm32.10.3-2021.10.win32_1.0.200.202301161003/tools/bin/../lib/gcc/arm-none-eabi/10.3.1/thumb/v7e-m+fp/hard\libgcc.a(_udivmoddi4.o)
                0x0000000008005018                __exidx_end = .
                0x0000000008005018                . = ALIGN (0x4)

.rel.dyn        0x0000000008005018        0x0
 .rel.iplt      0x0000000008005018        0x0 c:/st/stm32cubeide_1.12.1/stm32cubeide/plugins/com.st.stm32cube.ide.mcu.externaltools.gnu-tools-for-stm32.10.3-2021.10.win32_1.0.200.202301161003/tools/bin/../lib/gcc/arm-none-eabi/10.3.1/thumb/v7e-m+fp/hard/crtbegin.o

.preinit_array  0x0000000008005018        0x0
                0x0000000008005018                . = ALIGN (0x4)
                0x0000000008005018                PROVIDE (__preinit_array_start = .)
 *(.preinit_array*)
                0x0000000008005018                PROVIDE (__preinit_array_end = .)
                0x0000000008005018                . = ALIGN (0x4)

.init_array     0x0000000008005018        0x4
                0x0000000008005018                . = ALIGN (0x4)
                0x0000000008005018                PROVIDE (__init_array_start = .)
 *(SORT_BY_NAME(.init_array.*))
 *(.init_array*)
 .init_array    0x0000000008005018        0x4 c:/st/stm32cubeide_1.12.1/stm32cubeide/plugins/com.st.stm32cube.ide.mcu.externaltools.gnu-tools-for-stm32.10.3-2021.10.win32_1.0.200.202301161003/tools/bin/../lib/gcc/arm-none-eabi/10.3.1/thumb/v7e-m+fp/hard/crtbegin.o
                0x000000000800501c                PROVIDE (__init_array_end = .)
                0x000000000800501c                . = ALIGN (0x4)

.fini_array     0x000000000800501c        0x4
                0x000000000800501c                . = ALIGN (0x4)
                [!provide]                        PROVIDE (__fini_array_start = .)
 *(SORT_BY_NAME(.fini_array.*))
 *(.fini_array*)
 .fini_array    0x000000000800501c        0x4 c:/st/stm32cubeide_1.12.1/stm32cubeide/plugins/com.st.stm32cube.ide.mcu.externaltools.gnu-tools-for-stm32.10.3-2021.10.win32_1.0.200.202301161003/tools/bin/../lib/gcc/arm-none-eabi/10.3.1/thumb/v7e-m+fp/hard/crtbegin.o
                [!provide]                        PROVIDE (__fini_array_end = .)
                0x0000000008005020                . = ALIGN (0x4)
                0x0000000008005020                _sidata = LOADADDR (.data)

.data           0x0000000020000000       0x10 load address 0x0000000008005020
                0x0000000020000000                . = ALIGN (0x4)
                0x0000000020000000                _sdata = .
 *(.data)
 *(.data*)
 .data.SystemCoreClock
                0x0000000020000000        0x4 ./Core/Src/system_stm32f4xx.o
                0x0000000020000000                SystemCoreClock
 .data.uwTickPrio
                0x0000000020000004        0x4 ./Drivers/STM32F4xx_HAL_Driver/Src/stm32f4xx_hal.o
                0x0000000020000004                uwTickPrio
 .data.uwTickFreq
                0x0000000020000008        0x1 ./Drivers/STM32F4xx_HAL_Driver/Src/stm32f4xx_hal.o
                0x0000000020000008                uwTickFreq
 *fill*         0x0000000020000009        0x3 
 .data.uxCriticalNesting
                0x000000002000000c        0x4 ./Middlewares/Third_Party/FreeRTOS/Source/portable/GCC/ARM_CM4F/port.o
 *(.RamFunc)
 *(.RamFunc*)
                0x0000000020000010                . = ALIGN (0x4)
                0x0000000020000010                _edata = .

.igot.plt       0x0000000020000010        0x0 load address 0x0000000008005030
 .igot.plt      0x0000000020000010        0x0 c:/st/stm32cubeide_1.12.1/stm32cubeide/plugins/com.st.stm32cube.ide.mcu.externaltools.gnu-tools-for-stm32.10.3-2021.10.win32_1.0.200.202301161003/tools/bin/../lib/gcc/arm-none-eabi/10.3.1/thumb/v7e-m+fp/hard/crtbegin.o
                0x0000000020000010                . = ALIGN (0x4)

.bss            0x0000000020000010     0x4b90 load address 0x0000000008005030
                0x0000000020000010                _sbss = .
                0x0000000020000010                __bss_start__ = _sbss
 *(.bss)
 .bss           0x0000000020000010       0x1c c:/st/stm32cubeide_1.12.1/stm32cubeide/plugins/com.st.stm32cube.ide.mcu.externaltools.gnu-tools-for-stm32.10.3-2021.10.win32_1.0.200.202301161003/tools/bin/../lib/gcc/arm-none-eabi/10.3.1/thumb/v7e-m+fp/hard/crtbegin.o
 *(.bss*)
 .bss.hspi1     0x000000002000002c       0x58 ./Core/Src/main.o
                0x000000002000002c                hspi1
 .bss.defaultTaskHandle
                0x0000000020000084        0x4 ./Core/Src/main.o
                0x0000000020000084                defaultTaskHandle
 .bss.myTask02Handle
                0x0000000020000088        0x4 ./Core/Src/main.o
                0x0000000020000088                myTask02Handle
 .bss.T_buffer  0x000000002000008c       0x84 ./Core/Src/main.o
                0x000000002000008c                T_buffer
 .bss.Rx_buffer
                0x0000000020000110       0x84 ./Core/Src/main.o
                0x0000000020000110                Rx_buffer
 .bss.R_buffer  0x0000000020000194       0x84 ./Core/Src/main.o
                0x0000000020000194                R_buffer
 .bss.tar_qa    0x0000000020000218        0x4 ./Core/Src/main.o
                0x0000000020000218                tar_qa
 .bss.tar_qh    0x000000002000021c        0x4 ./Core/Src/main.o
                0x000000002000021c                tar_qh
 .bss.tar_qk    0x0000000020000220        0x4 ./Core/Src/main.o
                0x0000000020000220                tar_qk
 .bss.tar_qd_   0x0000000020000224        0x4 ./Core/Src/main.o
                0x0000000020000224                tar_qd_
 .bss.tau_ff_a  0x0000000020000228        0x4 ./Core/Src/main.o
                0x0000000020000228                tau_ff_a
 .bss.tau_ff_h  0x000000002000022c        0x4 ./Core/Src/main.o
                0x000000002000022c                tau_ff_h
 .bss.tau_ff_k  0x0000000020000230        0x4 ./Core/Src/main.o
                0x0000000020000230                tau_ff_k
 .bss.kpa       0x0000000020000234        0x4 ./Core/Src/main.o
                0x0000000020000234                kpa
 .bss.kph       0x0000000020000238        0x4 ./Core/Src/main.o
                0x0000000020000238                kph
 .bss.kpk       0x000000002000023c        0x4 ./Core/Src/main.o
                0x000000002000023c                kpk
 .bss.kda       0x0000000020000240        0x4 ./Core/Src/main.o
                0x0000000020000240                kda
 .bss.kdh       0x0000000020000244        0x4 ./Core/Src/main.o
                0x0000000020000244                kdh
 .bss.kdk       0x0000000020000248        0x4 ./Core/Src/main.o
                0x0000000020000248                kdk
 .bss.uwTick    0x000000002000024c        0x4 ./Drivers/STM32F4xx_HAL_Driver/Src/stm32f4xx_hal.o
                0x000000002000024c                uwTick
 .bss.KernelState
                0x0000000020000250        0x4 ./Middlewares/Third_Party/FreeRTOS/Source/CMSIS_RTOS_V2/cmsis_os2.o
 .bss.Idle_TCB.3
                0x0000000020000254       0x5c ./Middlewares/Third_Party/FreeRTOS/Source/CMSIS_RTOS_V2/cmsis_os2.o
 .bss.Idle_Stack.2
                0x00000000200002b0      0x200 ./Middlewares/Third_Party/FreeRTOS/Source/CMSIS_RTOS_V2/cmsis_os2.o
 .bss.Timer_TCB.1
                0x00000000200004b0       0x5c ./Middlewares/Third_Party/FreeRTOS/Source/CMSIS_RTOS_V2/cmsis_os2.o
 .bss.Timer_Stack.0
                0x000000002000050c      0x400 ./Middlewares/Third_Party/FreeRTOS/Source/CMSIS_RTOS_V2/cmsis_os2.o
 .bss.xQueueRegistry
                0x000000002000090c       0x40 ./Middlewares/Third_Party/FreeRTOS/Source/queue.o
                0x000000002000090c                xQueueRegistry
 .bss.pxCurrentTCB
                0x000000002000094c        0x4 ./Middlewares/Third_Party/FreeRTOS/Source/tasks.o
                0x000000002000094c                pxCurrentTCB
 .bss.pxReadyTasksLists
                0x0000000020000950      0x460 ./Middlewares/Third_Party/FreeRTOS/Source/tasks.o
 .bss.xDelayedTaskList1
                0x0000000020000db0       0x14 ./Middlewares/Third_Party/FreeRTOS/Source/tasks.o
 .bss.xDelayedTaskList2
                0x0000000020000dc4       0x14 ./Middlewares/Third_Party/FreeRTOS/Source/tasks.o
 .bss.pxDelayedTaskList
                0x0000000020000dd8        0x4 ./Middlewares/Third_Party/FreeRTOS/Source/tasks.o
 .bss.pxOverflowDelayedTaskList
                0x0000000020000ddc        0x4 ./Middlewares/Third_Party/FreeRTOS/Source/tasks.o
 .bss.xPendingReadyList
                0x0000000020000de0       0x14 ./Middlewares/Third_Party/FreeRTOS/Source/tasks.o
 .bss.xTasksWaitingTermination
                0x0000000020000df4       0x14 ./Middlewares/Third_Party/FreeRTOS/Source/tasks.o
 .bss.uxDeletedTasksWaitingCleanUp
                0x0000000020000e08        0x4 ./Middlewares/Third_Party/FreeRTOS/Source/tasks.o
 .bss.xSuspendedTaskList
                0x0000000020000e0c       0x14 ./Middlewares/Third_Party/FreeRTOS/Source/tasks.o
 .bss.uxCurrentNumberOfTasks
                0x0000000020000e20        0x4 ./Middlewares/Third_Party/FreeRTOS/Source/tasks.o
 .bss.xTickCount
                0x0000000020000e24        0x4 ./Middlewares/Third_Party/FreeRTOS/Source/tasks.o
 .bss.uxTopReadyPriority
                0x0000000020000e28        0x4 ./Middlewares/Third_Party/FreeRTOS/Source/tasks.o
 .bss.xSchedulerRunning
                0x0000000020000e2c        0x4 ./Middlewares/Third_Party/FreeRTOS/Source/tasks.o
 .bss.xPendedTicks
                0x0000000020000e30        0x4 ./Middlewares/Third_Party/FreeRTOS/Source/tasks.o
 .bss.xYieldPending
                0x0000000020000e34        0x4 ./Middlewares/Third_Party/FreeRTOS/Source/tasks.o
 .bss.xNumOfOverflows
                0x0000000020000e38        0x4 ./Middlewares/Third_Party/FreeRTOS/Source/tasks.o
 .bss.uxTaskNumber
                0x0000000020000e3c        0x4 ./Middlewares/Third_Party/FreeRTOS/Source/tasks.o
 .bss.xNextTaskUnblockTime
                0x0000000020000e40        0x4 ./Middlewares/Third_Party/FreeRTOS/Source/tasks.o
 .bss.xIdleTaskHandle
                0x0000000020000e44        0x4 ./Middlewares/Third_Party/FreeRTOS/Source/tasks.o
 .bss.uxSchedulerSuspended
                0x0000000020000e48        0x4 ./Middlewares/Third_Party/FreeRTOS/Source/tasks.o
 .bss.xActiveTimerList1
                0x0000000020000e4c       0x14 ./Middlewares/Third_Party/FreeRTOS/Source/timers.o
 .bss.xActiveTimerList2
                0x0000000020000e60       0x14 ./Middlewares/Third_Party/FreeRTOS/Source/timers.o
 .bss.pxCurrentTimerList
                0x0000000020000e74        0x4 ./Middlewares/Third_Party/FreeRTOS/Source/timers.o
 .bss.pxOverflowTimerList
                0x0000000020000e78        0x4 ./Middlewares/Third_Party/FreeRTOS/Source/timers.o
 .bss.xTimerQueue
                0x0000000020000e7c        0x4 ./Middlewares/Third_Party/FreeRTOS/Source/timers.o
 .bss.xTimerTaskHandle
                0x0000000020000e80        0x4 ./Middlewares/Third_Party/FreeRTOS/Source/timers.o
 .bss.xLastTime.2
                0x0000000020000e84        0x4 ./Middlewares/Third_Party/FreeRTOS/Source/timers.o
 .bss.ucStaticTimerQueueStorage.1
                0x0000000020000e88       0xa0 ./Middlewares/Third_Party/FreeRTOS/Source/timers.o
 .bss.xStaticTimerQueue.0
                0x0000000020000f28       0x50 ./Middlewares/Third_Party/FreeRTOS/Source/timers.o
 .bss.ucMaxSysCallPriority
                0x0000000020000f78        0x1 ./Middlewares/Third_Party/FreeRTOS/Source/portable/GCC/ARM_CM4F/port.o
 *fill*         0x0000000020000f79        0x3 
 .bss.ulMaxPRIGROUPValue
                0x0000000020000f7c        0x4 ./Middlewares/Third_Party/FreeRTOS/Source/portable/GCC/ARM_CM4F/port.o
 .bss.ucHeap    0x0000000020000f80     0x3c00 ./Middlewares/Third_Party/FreeRTOS/Source/portable/MemMang/heap_4.o
 .bss.xStart    0x0000000020004b80        0x8 ./Middlewares/Third_Party/FreeRTOS/Source/portable/MemMang/heap_4.o
 .bss.pxEnd     0x0000000020004b88        0x4 ./Middlewares/Third_Party/FreeRTOS/Source/portable/MemMang/heap_4.o
 .bss.xFreeBytesRemaining
                0x0000000020004b8c        0x4 ./Middlewares/Third_Party/FreeRTOS/Source/portable/MemMang/heap_4.o
 .bss.xMinimumEverFreeBytesRemaining
                0x0000000020004b90        0x4 ./Middlewares/Third_Party/FreeRTOS/Source/portable/MemMang/heap_4.o
 .bss.xNumberOfSuccessfulAllocations
                0x0000000020004b94        0x4 ./Middlewares/Third_Party/FreeRTOS/Source/portable/MemMang/heap_4.o
 .bss.xNumberOfSuccessfulFrees
                0x0000000020004b98        0x4 ./Middlewares/Third_Party/FreeRTOS/Source/portable/MemMang/heap_4.o
 .bss.xBlockAllocatedBit
                0x0000000020004b9c        0x4 ./Middlewares/Third_Party/FreeRTOS/Source/portable/MemMang/heap_4.o
 *(COMMON)
                0x0000000020004ba0                . = ALIGN (0x4)
                0x0000000020004ba0                _ebss = .
                0x0000000020004ba0                __bss_end__ = _ebss

._user_heap_stack
                0x0000000020004ba0      0x600 load address 0x0000000008005030
                0x0000000020004ba0                . = ALIGN (0x8)
                [!provide]                        PROVIDE (end = .)
                0x0000000020004ba0                PROVIDE (_end = .)
                0x0000000020004da0                . = (. + _Min_Heap_Size)
 *fill*         0x0000000020004ba0      0x200 
                0x00000000200051a0                . = (. + _Min_Stack_Size)
 *fill*         0x0000000020004da0      0x400 
                0x00000000200051a0                . = ALIGN (0x8)

/DISCARD/
 libc.a(*)
 libm.a(*)
 libgcc.a(*)

.ARM.attributes
                0x0000000000000000       0x30
 *(.ARM.attributes)
 .ARM.attributes
                0x0000000000000000       0x1e c:/st/stm32cubeide_1.12.1/stm32cubeide/plugins/com.st.stm32cube.ide.mcu.externaltools.gnu-tools-for-stm32.10.3-2021.10.win32_1.0.200.202301161003/tools/bin/../lib/gcc/arm-none-eabi/10.3.1/thumb/v7e-m+fp/hard/crti.o
 .ARM.attributes
                0x000000000000001e       0x34 c:/st/stm32cubeide_1.12.1/stm32cubeide/plugins/com.st.stm32cube.ide.mcu.externaltools.gnu-tools-for-stm32.10.3-2021.10.win32_1.0.200.202301161003/tools/bin/../lib/gcc/arm-none-eabi/10.3.1/thumb/v7e-m+fp/hard/crtbegin.o
 .ARM.attributes
                0x0000000000000052       0x34 ./Core/Src/main.o
 .ARM.attributes
                0x0000000000000086       0x34 ./Core/Src/stm32f4xx_hal_msp.o
 .ARM.attributes
                0x00000000000000ba       0x34 ./Core/Src/stm32f4xx_it.o
 .ARM.attributes
                0x00000000000000ee       0x34 ./Core/Src/system_stm32f4xx.o
 .ARM.attributes
                0x0000000000000122       0x21 ./Core/Startup/startup_stm32f446retx.o
 .ARM.attributes
                0x0000000000000143       0x34 ./Drivers/STM32F4xx_HAL_Driver/Src/stm32f4xx_hal.o
 .ARM.attributes
                0x0000000000000177       0x34 ./Drivers/STM32F4xx_HAL_Driver/Src/stm32f4xx_hal_cortex.o
 .ARM.attributes
                0x00000000000001ab       0x34 ./Drivers/STM32F4xx_HAL_Driver/Src/stm32f4xx_hal_gpio.o
 .ARM.attributes
                0x00000000000001df       0x34 ./Drivers/STM32F4xx_HAL_Driver/Src/stm32f4xx_hal_pwr_ex.o
 .ARM.attributes
                0x0000000000000213       0x34 ./Drivers/STM32F4xx_HAL_Driver/Src/stm32f4xx_hal_rcc.o
 .ARM.attributes
                0x0000000000000247       0x34 ./Drivers/STM32F4xx_HAL_Driver/Src/stm32f4xx_hal_rcc_ex.o
 .ARM.attributes
                0x000000000000027b       0x34 ./Drivers/STM32F4xx_HAL_Driver/Src/stm32f4xx_hal_spi.o
 .ARM.attributes
                0x00000000000002af       0x34 ./Middlewares/Third_Party/FreeRTOS/Source/CMSIS_RTOS_V2/cmsis_os2.o
 .ARM.attributes
                0x00000000000002e3       0x34 ./Middlewares/Third_Party/FreeRTOS/Source/list.o
 .ARM.attributes
                0x0000000000000317       0x34 ./Middlewares/Third_Party/FreeRTOS/Source/queue.o
 .ARM.attributes
                0x000000000000034b       0x34 ./Middlewares/Third_Party/FreeRTOS/Source/tasks.o
 .ARM.attributes
                0x000000000000037f       0x34 ./Middlewares/Third_Party/FreeRTOS/Source/timers.o
 .ARM.attributes
                0x00000000000003b3       0x34 ./Middlewares/Third_Party/FreeRTOS/Source/portable/GCC/ARM_CM4F/port.o
 .ARM.attributes
                0x00000000000003e7       0x34 ./Middlewares/Third_Party/FreeRTOS/Source/portable/MemMang/heap_4.o
 .ARM.attributes
                0x000000000000041b       0x34 c:/st/stm32cubeide_1.12.1/stm32cubeide/plugins/com.st.stm32cube.ide.mcu.externaltools.gnu-tools-for-stm32.10.3-2021.10.win32_1.0.200.202301161003/tools/bin/../lib/gcc/arm-none-eabi/10.3.1/../../../../arm-none-eabi/lib/thumb/v7e-m+fp/hard\libc_nano.a(lib_a-init.o)
 .ARM.attributes
                0x000000000000044f       0x34 c:/st/stm32cubeide_1.12.1/stm32cubeide/plugins/com.st.stm32cube.ide.mcu.externaltools.gnu-tools-for-stm32.10.3-2021.10.win32_1.0.200.202301161003/tools/bin/../lib/gcc/arm-none-eabi/10.3.1/../../../../arm-none-eabi/lib/thumb/v7e-m+fp/hard\libc_nano.a(lib_a-memcpy-stub.o)
 .ARM.attributes
                0x0000000000000483       0x34 c:/st/stm32cubeide_1.12.1/stm32cubeide/plugins/com.st.stm32cube.ide.mcu.externaltools.gnu-tools-for-stm32.10.3-2021.10.win32_1.0.200.202301161003/tools/bin/../lib/gcc/arm-none-eabi/10.3.1/../../../../arm-none-eabi/lib/thumb/v7e-m+fp/hard\libc_nano.a(lib_a-memset.o)
 .ARM.attributes
                0x00000000000004b7       0x1e c:/st/stm32cubeide_1.12.1/stm32cubeide/plugins/com.st.stm32cube.ide.mcu.externaltools.gnu-tools-for-stm32.10.3-2021.10.win32_1.0.200.202301161003/tools/bin/../lib/gcc/arm-none-eabi/10.3.1/thumb/v7e-m+fp/hard\libgcc.a(_aeabi_uldivmod.o)
 .ARM.attributes
                0x00000000000004d5       0x34 c:/st/stm32cubeide_1.12.1/stm32cubeide/plugins/com.st.stm32cube.ide.mcu.externaltools.gnu-tools-for-stm32.10.3-2021.10.win32_1.0.200.202301161003/tools/bin/../lib/gcc/arm-none-eabi/10.3.1/thumb/v7e-m+fp/hard\libgcc.a(_udivmoddi4.o)
 .ARM.attributes
                0x0000000000000509       0x1e c:/st/stm32cubeide_1.12.1/stm32cubeide/plugins/com.st.stm32cube.ide.mcu.externaltools.gnu-tools-for-stm32.10.3-2021.10.win32_1.0.200.202301161003/tools/bin/../lib/gcc/arm-none-eabi/10.3.1/thumb/v7e-m+fp/hard\libgcc.a(_dvmd_tls.o)
 .ARM.attributes
                0x0000000000000527       0x1e c:/st/stm32cubeide_1.12.1/stm32cubeide/plugins/com.st.stm32cube.ide.mcu.externaltools.gnu-tools-for-stm32.10.3-2021.10.win32_1.0.200.202301161003/tools/bin/../lib/gcc/arm-none-eabi/10.3.1/thumb/v7e-m+fp/hard/crtn.o
OUTPUT(spi_test.elf elf32-littlearm)
LOAD linker stubs
LOAD c:/st/stm32cubeide_1.12.1/stm32cubeide/plugins/com.st.stm32cube.ide.mcu.externaltools.gnu-tools-for-stm32.10.3-2021.10.win32_1.0.200.202301161003/tools/bin/../lib/gcc/arm-none-eabi/10.3.1/../../../../arm-none-eabi/lib/thumb/v7e-m+fp/hard\libc.a
LOAD c:/st/stm32cubeide_1.12.1/stm32cubeide/plugins/com.st.stm32cube.ide.mcu.externaltools.gnu-tools-for-stm32.10.3-2021.10.win32_1.0.200.202301161003/tools/bin/../lib/gcc/arm-none-eabi/10.3.1/../../../../arm-none-eabi/lib/thumb/v7e-m+fp/hard\libm.a
LOAD c:/st/stm32cubeide_1.12.1/stm32cubeide/plugins/com.st.stm32cube.ide.mcu.externaltools.gnu-tools-for-stm32.10.3-2021.10.win32_1.0.200.202301161003/tools/bin/../lib/gcc/arm-none-eabi/10.3.1/thumb/v7e-m+fp/hard\libgcc.a

.debug_info     0x0000000000000000    0x11a94
 .debug_info    0x0000000000000000     0x1734 ./Core/Src/main.o
 .debug_info    0x0000000000001734      0xc5a ./Core/Src/stm32f4xx_hal_msp.o
 .debug_info    0x000000000000238e      0x125 ./Core/Src/stm32f4xx_it.o
 .debug_info    0x00000000000024b3      0x55b ./Core/Src/system_stm32f4xx.o
 .debug_info    0x0000000000002a0e       0x22 ./Core/Startup/startup_stm32f446retx.o
 .debug_info    0x0000000000002a30      0x9d2 ./Drivers/STM32F4xx_HAL_Driver/Src/stm32f4xx_hal.o
 .debug_info    0x0000000000003402      0xe39 ./Drivers/STM32F4xx_HAL_Driver/Src/stm32f4xx_hal_cortex.o
 .debug_info    0x000000000000423b      0x7be ./Drivers/STM32F4xx_HAL_Driver/Src/stm32f4xx_hal_gpio.o
 .debug_info    0x00000000000049f9      0x702 ./Drivers/STM32F4xx_HAL_Driver/Src/stm32f4xx_hal_pwr_ex.o
 .debug_info    0x00000000000050fb      0x9ab ./Drivers/STM32F4xx_HAL_Driver/Src/stm32f4xx_hal_rcc.o
 .debug_info    0x0000000000005aa6      0x9ec ./Drivers/STM32F4xx_HAL_Driver/Src/stm32f4xx_hal_rcc_ex.o
 .debug_info    0x0000000000006492     0x1758 ./Drivers/STM32F4xx_HAL_Driver/Src/stm32f4xx_hal_spi.o
 .debug_info    0x0000000000007bea     0x3c34 ./Middlewares/Third_Party/FreeRTOS/Source/CMSIS_RTOS_V2/cmsis_os2.o
 .debug_info    0x000000000000b81e      0x2d1 ./Middlewares/Third_Party/FreeRTOS/Source/list.o
 .debug_info    0x000000000000baef     0x1cbf ./Middlewares/Third_Party/FreeRTOS/Source/queue.o
 .debug_info    0x000000000000d7ae     0x2362 ./Middlewares/Third_Party/FreeRTOS/Source/tasks.o
 .debug_info    0x000000000000fb10     0x1572 ./Middlewares/Third_Party/FreeRTOS/Source/timers.o
 .debug_info    0x0000000000011082      0x507 ./Middlewares/Third_Party/FreeRTOS/Source/portable/GCC/ARM_CM4F/port.o
 .debug_info    0x0000000000011589      0x50b ./Middlewares/Third_Party/FreeRTOS/Source/portable/MemMang/heap_4.o

.debug_abbrev   0x0000000000000000     0x2b4b
 .debug_abbrev  0x0000000000000000      0x36f ./Core/Src/main.o
 .debug_abbrev  0x000000000000036f      0x1b2 ./Core/Src/stm32f4xx_hal_msp.o
 .debug_abbrev  0x0000000000000521       0x98 ./Core/Src/stm32f4xx_it.o
 .debug_abbrev  0x00000000000005b9      0x116 ./Core/Src/system_stm32f4xx.o
 .debug_abbrev  0x00000000000006cf       0x12 ./Core/Startup/startup_stm32f446retx.o
 .debug_abbrev  0x00000000000006e1      0x20d ./Drivers/STM32F4xx_HAL_Driver/Src/stm32f4xx_hal.o
 .debug_abbrev  0x00000000000008ee      0x316 ./Drivers/STM32F4xx_HAL_Driver/Src/stm32f4xx_hal_cortex.o
 .debug_abbrev  0x0000000000000c04      0x1c4 ./Drivers/STM32F4xx_HAL_Driver/Src/stm32f4xx_hal_gpio.o
 .debug_abbrev  0x0000000000000dc8      0x1c9 ./Drivers/STM32F4xx_HAL_Driver/Src/stm32f4xx_hal_pwr_ex.o
 .debug_abbrev  0x0000000000000f91      0x2aa ./Drivers/STM32F4xx_HAL_Driver/Src/stm32f4xx_hal_rcc.o
 .debug_abbrev  0x000000000000123b      0x1fb ./Drivers/STM32F4xx_HAL_Driver/Src/stm32f4xx_hal_rcc_ex.o
 .debug_abbrev  0x0000000000001436      0x26e ./Drivers/STM32F4xx_HAL_Driver/Src/stm32f4xx_hal_spi.o
 .debug_abbrev  0x00000000000016a4      0x4e6 ./Middlewares/Third_Party/FreeRTOS/Source/CMSIS_RTOS_V2/cmsis_os2.o
 .debug_abbrev  0x0000000000001b8a       0xf2 ./Middlewares/Third_Party/FreeRTOS/Source/list.o
 .debug_abbrev  0x0000000000001c7c      0x3a1 ./Middlewares/Third_Party/FreeRTOS/Source/queue.o
 .debug_abbrev  0x000000000000201d      0x37d ./Middlewares/Third_Party/FreeRTOS/Source/tasks.o
 .debug_abbrev  0x000000000000239a      0x346 ./Middlewares/Third_Party/FreeRTOS/Source/timers.o
 .debug_abbrev  0x00000000000026e0      0x259 ./Middlewares/Third_Party/FreeRTOS/Source/portable/GCC/ARM_CM4F/port.o
 .debug_abbrev  0x0000000000002939      0x212 ./Middlewares/Third_Party/FreeRTOS/Source/portable/MemMang/heap_4.o

.debug_aranges  0x0000000000000000      0xee0
 .debug_aranges
                0x0000000000000000       0x70 ./Core/Src/main.o
 .debug_aranges
                0x0000000000000070       0x30 ./Core/Src/stm32f4xx_hal_msp.o
 .debug_aranges
                0x00000000000000a0       0x50 ./Core/Src/stm32f4xx_it.o
 .debug_aranges
                0x00000000000000f0       0x28 ./Core/Src/system_stm32f4xx.o
 .debug_aranges
                0x0000000000000118       0x28 ./Core/Startup/startup_stm32f446retx.o
 .debug_aranges
                0x0000000000000140       0xf0 ./Drivers/STM32F4xx_HAL_Driver/Src/stm32f4xx_hal.o
 .debug_aranges
                0x0000000000000230      0x118 ./Drivers/STM32F4xx_HAL_Driver/Src/stm32f4xx_hal_cortex.o
 .debug_aranges
                0x0000000000000348       0x58 ./Drivers/STM32F4xx_HAL_Driver/Src/stm32f4xx_hal_gpio.o
 .debug_aranges
                0x00000000000003a0       0x60 ./Drivers/STM32F4xx_HAL_Driver/Src/stm32f4xx_hal_pwr_ex.o
 .debug_aranges
                0x0000000000000400       0x88 ./Drivers/STM32F4xx_HAL_Driver/Src/stm32f4xx_hal_rcc.o
 .debug_aranges
                0x0000000000000488       0x78 ./Drivers/STM32F4xx_HAL_Driver/Src/stm32f4xx_hal_rcc_ex.o
 .debug_aranges
                0x0000000000000500      0x1d0 ./Drivers/STM32F4xx_HAL_Driver/Src/stm32f4xx_hal_spi.o
 .debug_aranges
                0x00000000000006d0      0x2a8 ./Middlewares/Third_Party/FreeRTOS/Source/CMSIS_RTOS_V2/cmsis_os2.o
 .debug_aranges
                0x0000000000000978       0x40 ./Middlewares/Third_Party/FreeRTOS/Source/list.o
 .debug_aranges
                0x00000000000009b8      0x158 ./Middlewares/Third_Party/FreeRTOS/Source/queue.o
 .debug_aranges
                0x0000000000000b10      0x208 ./Middlewares/Third_Party/FreeRTOS/Source/tasks.o
 .debug_aranges
                0x0000000000000d18       0xf0 ./Middlewares/Third_Party/FreeRTOS/Source/timers.o
 .debug_aranges
                0x0000000000000e08       0x80 ./Middlewares/Third_Party/FreeRTOS/Source/portable/GCC/ARM_CM4F/port.o
 .debug_aranges
                0x0000000000000e88       0x58 ./Middlewares/Third_Party/FreeRTOS/Source/portable/MemMang/heap_4.o

.debug_ranges   0x0000000000000000      0xdb8
 .debug_ranges  0x0000000000000000       0x60 ./Core/Src/main.o
 .debug_ranges  0x0000000000000060       0x20 ./Core/Src/stm32f4xx_hal_msp.o
 .debug_ranges  0x0000000000000080       0x40 ./Core/Src/stm32f4xx_it.o
 .debug_ranges  0x00000000000000c0       0x18 ./Core/Src/system_stm32f4xx.o
 .debug_ranges  0x00000000000000d8       0x20 ./Core/Startup/startup_stm32f446retx.o
 .debug_ranges  0x00000000000000f8       0xe0 ./Drivers/STM32F4xx_HAL_Driver/Src/stm32f4xx_hal.o
 .debug_ranges  0x00000000000001d8      0x108 ./Drivers/STM32F4xx_HAL_Driver/Src/stm32f4xx_hal_cortex.o
 .debug_ranges  0x00000000000002e0       0x48 ./Drivers/STM32F4xx_HAL_Driver/Src/stm32f4xx_hal_gpio.o
 .debug_ranges  0x0000000000000328       0x50 ./Drivers/STM32F4xx_HAL_Driver/Src/stm32f4xx_hal_pwr_ex.o
 .debug_ranges  0x0000000000000378       0x78 ./Drivers/STM32F4xx_HAL_Driver/Src/stm32f4xx_hal_rcc.o
 .debug_ranges  0x00000000000003f0       0x68 ./Drivers/STM32F4xx_HAL_Driver/Src/stm32f4xx_hal_rcc_ex.o
 .debug_ranges  0x0000000000000458      0x1c0 ./Drivers/STM32F4xx_HAL_Driver/Src/stm32f4xx_hal_spi.o
 .debug_ranges  0x0000000000000618      0x298 ./Middlewares/Third_Party/FreeRTOS/Source/CMSIS_RTOS_V2/cmsis_os2.o
 .debug_ranges  0x00000000000008b0       0x30 ./Middlewares/Third_Party/FreeRTOS/Source/list.o
 .debug_ranges  0x00000000000008e0      0x148 ./Middlewares/Third_Party/FreeRTOS/Source/queue.o
 .debug_ranges  0x0000000000000a28      0x1f8 ./Middlewares/Third_Party/FreeRTOS/Source/tasks.o
 .debug_ranges  0x0000000000000c20       0xe0 ./Middlewares/Third_Party/FreeRTOS/Source/timers.o
 .debug_ranges  0x0000000000000d00       0x70 ./Middlewares/Third_Party/FreeRTOS/Source/portable/GCC/ARM_CM4F/port.o
 .debug_ranges  0x0000000000000d70       0x48 ./Middlewares/Third_Party/FreeRTOS/Source/portable/MemMang/heap_4.o

.debug_macro    0x0000000000000000     0x3968
 .debug_macro   0x0000000000000000      0x401 ./Core/Src/main.o
 .debug_macro   0x0000000000000401      0x169 ./Core/Src/main.o
 .debug_macro   0x000000000000056a       0x66 ./Core/Src/main.o
 .debug_macro   0x00000000000005d0       0x74 ./Core/Src/main.o
 .debug_macro   0x0000000000000644       0xdd ./Core/Src/main.o
 .debug_macro   0x0000000000000721       0x52 ./Core/Src/main.o
 .debug_macro   0x0000000000000773       0x1e ./Core/Src/main.o
 .debug_macro   0x0000000000000791       0x3c ./Core/Src/main.o
 .debug_macro   0x00000000000007cd       0x34 ./Core/Src/main.o
 .debug_macro   0x0000000000000801       0x16 ./Core/Src/main.o
 .debug_macro   0x0000000000000817       0x35 ./Core/Src/main.o
 .debug_macro   0x000000000000084c      0x341 ./Core/Src/main.o
 .debug_macro   0x0000000000000b8d       0x10 ./Core/Src/main.o
 .debug_macro   0x0000000000000b9d       0x16 ./Core/Src/main.o
 .debug_macro   0x0000000000000bb3       0x43 ./Core/Src/main.o
 .debug_macro   0x0000000000000bf6       0x34 ./Core/Src/main.o
 .debug_macro   0x0000000000000c2a       0x10 ./Core/Src/main.o
 .debug_macro   0x0000000000000c3a       0x58 ./Core/Src/main.o
 .debug_macro   0x0000000000000c92       0x71 ./Core/Src/main.o
 .debug_macro   0x0000000000000d03       0x1c ./Core/Src/main.o
 .debug_macro   0x0000000000000d1f      0x12a ./Core/Src/main.o
 .debug_macro   0x0000000000000e49       0x10 ./Core/Src/main.o
 .debug_macro   0x0000000000000e59       0x1c ./Core/Src/main.o
 .debug_macro   0x0000000000000e75       0x52 ./Core/Src/main.o
 .debug_macro   0x0000000000000ec7       0x22 ./Core/Src/main.o
 .debug_macro   0x0000000000000ee9       0x10 ./Core/Src/main.o
 .debug_macro   0x0000000000000ef9       0x52 ./Core/Src/main.o
 .debug_macro   0x0000000000000f4b       0xd5 ./Core/Src/main.o
 .debug_macro   0x0000000000001020       0x1c ./Core/Src/main.o
 .debug_macro   0x000000000000103c       0x3d ./Core/Src/main.o
 .debug_macro   0x0000000000001079       0x16 ./Core/Src/main.o
 .debug_macro   0x000000000000108f      0x145 ./Core/Src/main.o
 .debug_macro   0x00000000000011d4       0x16 ./Core/Src/main.o
 .debug_macro   0x00000000000011ea       0x20 ./Core/Src/main.o
 .debug_macro   0x000000000000120a      0x19b ./Core/Src/main.o
 .debug_macro   0x00000000000013a5      0x1c9 ./Core/Src/stm32f4xx_hal_msp.o
 .debug_macro   0x000000000000156e      0x23b ./Core/Src/stm32f4xx_it.o
 .debug_macro   0x00000000000017a9      0x1ba ./Core/Src/system_stm32f4xx.o
 .debug_macro   0x0000000000001963      0x21a ./Drivers/STM32F4xx_HAL_Driver/Src/stm32f4xx_hal.o
 .debug_macro   0x0000000000001b7d      0x1ba ./Drivers/STM32F4xx_HAL_Driver/Src/stm32f4xx_hal_cortex.o
 .debug_macro   0x0000000000001d37      0x1c0 ./Drivers/STM32F4xx_HAL_Driver/Src/stm32f4xx_hal_gpio.o
 .debug_macro   0x0000000000001ef7      0x1d2 ./Drivers/STM32F4xx_HAL_Driver/Src/stm32f4xx_hal_pwr_ex.o
 .debug_macro   0x00000000000020c9      0x1de ./Drivers/STM32F4xx_HAL_Driver/Src/stm32f4xx_hal_rcc.o
 .debug_macro   0x00000000000022a7      0x1ba ./Drivers/STM32F4xx_HAL_Driver/Src/stm32f4xx_hal_rcc_ex.o
 .debug_macro   0x0000000000002461      0x1c9 ./Drivers/STM32F4xx_HAL_Driver/Src/stm32f4xx_hal_spi.o
 .debug_macro   0x000000000000262a      0x3b1 ./Middlewares/Third_Party/FreeRTOS/Source/CMSIS_RTOS_V2/cmsis_os2.o
 .debug_macro   0x00000000000029db       0x10 ./Middlewares/Third_Party/FreeRTOS/Source/CMSIS_RTOS_V2/cmsis_os2.o
 .debug_macro   0x00000000000029eb       0x10 ./Middlewares/Third_Party/FreeRTOS/Source/CMSIS_RTOS_V2/cmsis_os2.o
 .debug_macro   0x00000000000029fb       0xd3 ./Middlewares/Third_Party/FreeRTOS/Source/CMSIS_RTOS_V2/cmsis_os2.o
 .debug_macro   0x0000000000002ace       0x91 ./Middlewares/Third_Party/FreeRTOS/Source/CMSIS_RTOS_V2/cmsis_os2.o
 .debug_macro   0x0000000000002b5f       0x8d ./Middlewares/Third_Party/FreeRTOS/Source/CMSIS_RTOS_V2/cmsis_os2.o
 .debug_macro   0x0000000000002bec       0x9a ./Middlewares/Third_Party/FreeRTOS/Source/CMSIS_RTOS_V2/cmsis_os2.o
 .debug_macro   0x0000000000002c86       0x22 ./Middlewares/Third_Party/FreeRTOS/Source/CMSIS_RTOS_V2/cmsis_os2.o
 .debug_macro   0x0000000000002ca8       0x56 ./Middlewares/Third_Party/FreeRTOS/Source/CMSIS_RTOS_V2/cmsis_os2.o
 .debug_macro   0x0000000000002cfe      0x187 ./Middlewares/Third_Party/FreeRTOS/Source/list.o
 .debug_macro   0x0000000000002e85      0x216 ./Middlewares/Third_Party/FreeRTOS/Source/queue.o
 .debug_macro   0x000000000000309b       0x87 ./Middlewares/Third_Party/FreeRTOS/Source/queue.o
 .debug_macro   0x0000000000003122      0x27f ./Middlewares/Third_Party/FreeRTOS/Source/tasks.o
 .debug_macro   0x00000000000033a1       0x10 ./Middlewares/Third_Party/FreeRTOS/Source/tasks.o
 .debug_macro   0x00000000000033b1      0x1dc ./Middlewares/Third_Party/FreeRTOS/Source/timers.o
 .debug_macro   0x000000000000358d       0x97 ./Middlewares/Third_Party/FreeRTOS/Source/timers.o
 .debug_macro   0x0000000000003624      0x196 ./Middlewares/Third_Party/FreeRTOS/Source/portable/GCC/ARM_CM4F/port.o
 .debug_macro   0x00000000000037ba      0x1ae ./Middlewares/Third_Party/FreeRTOS/Source/portable/MemMang/heap_4.o

.debug_line     0x0000000000000000    0x105f7
 .debug_line    0x0000000000000000      0xc85 ./Core/Src/main.o
 .debug_line    0x0000000000000c85      0x6df ./Core/Src/stm32f4xx_hal_msp.o
 .debug_line    0x0000000000001364      0x83a ./Core/Src/stm32f4xx_it.o
 .debug_line    0x0000000000001b9e      0x713 ./Core/Src/system_stm32f4xx.o
 .debug_line    0x00000000000022b1       0x88 ./Core/Startup/startup_stm32f446retx.o
 .debug_line    0x0000000000002339      0x979 ./Drivers/STM32F4xx_HAL_Driver/Src/stm32f4xx_hal.o
 .debug_line    0x0000000000002cb2      0xc28 ./Drivers/STM32F4xx_HAL_Driver/Src/stm32f4xx_hal_cortex.o
 .debug_line    0x00000000000038da      0xad9 ./Drivers/STM32F4xx_HAL_Driver/Src/stm32f4xx_hal_gpio.o
 .debug_line    0x00000000000043b3      0x8a8 ./Drivers/STM32F4xx_HAL_Driver/Src/stm32f4xx_hal_pwr_ex.o
 .debug_line    0x0000000000004c5b      0xd01 ./Drivers/STM32F4xx_HAL_Driver/Src/stm32f4xx_hal_rcc.o
 .debug_line    0x000000000000595c     0x138c ./Drivers/STM32F4xx_HAL_Driver/Src/stm32f4xx_hal_rcc_ex.o
 .debug_line    0x0000000000006ce8     0x1c03 ./Drivers/STM32F4xx_HAL_Driver/Src/stm32f4xx_hal_spi.o
 .debug_line    0x00000000000088eb     0x236a ./Middlewares/Third_Party/FreeRTOS/Source/CMSIS_RTOS_V2/cmsis_os2.o
 .debug_line    0x000000000000ac55      0x707 ./Middlewares/Third_Party/FreeRTOS/Source/list.o
 .debug_line    0x000000000000b35c     0x16d1 ./Middlewares/Third_Party/FreeRTOS/Source/queue.o
 .debug_line    0x000000000000ca2d     0x1d86 ./Middlewares/Third_Party/FreeRTOS/Source/tasks.o
 .debug_line    0x000000000000e7b3      0xd67 ./Middlewares/Third_Party/FreeRTOS/Source/timers.o
 .debug_line    0x000000000000f51a      0x7ac ./Middlewares/Third_Party/FreeRTOS/Source/portable/GCC/ARM_CM4F/port.o
 .debug_line    0x000000000000fcc6      0x931 ./Middlewares/Third_Party/FreeRTOS/Source/portable/MemMang/heap_4.o

.debug_str      0x0000000000000000    0xd2bbe
 .debug_str     0x0000000000000000    0xcb2b9 ./Core/Src/main.o
                                      0xcb65d (size before relaxing)
 .debug_str     0x00000000000cb2b9      0x584 ./Core/Src/stm32f4xx_hal_msp.o
                                      0xc2277 (size before relaxing)
 .debug_str     0x00000000000cb83d       0xd9 ./Core/Src/stm32f4xx_it.o
                                      0xc5568 (size before relaxing)
 .debug_str     0x00000000000cb916       0xdb ./Core/Src/system_stm32f4xx.o
                                      0xc1841 (size before relaxing)
 .debug_str     0x00000000000cb9f1       0x36 ./Core/Startup/startup_stm32f446retx.o
                                         0x70 (size before relaxing)
 .debug_str     0x00000000000cba27      0x60d ./Drivers/STM32F4xx_HAL_Driver/Src/stm32f4xx_hal.o
                                      0xc2406 (size before relaxing)
 .debug_str     0x00000000000cc034      0x344 ./Drivers/STM32F4xx_HAL_Driver/Src/stm32f4xx_hal_cortex.o
                                      0xc2114 (size before relaxing)
 .debug_str     0x00000000000cc378      0x121 ./Drivers/STM32F4xx_HAL_Driver/Src/stm32f4xx_hal_gpio.o
                                      0xc19bc (size before relaxing)
 .debug_str     0x00000000000cc499      0x135 ./Drivers/STM32F4xx_HAL_Driver/Src/stm32f4xx_hal_pwr_ex.o
                                      0xc1a19 (size before relaxing)
 .debug_str     0x00000000000cc5ce      0x233 ./Drivers/STM32F4xx_HAL_Driver/Src/stm32f4xx_hal_rcc.o
                                      0xc1c7a (size before relaxing)
 .debug_str     0x00000000000cc801      0x31c ./Drivers/STM32F4xx_HAL_Driver/Src/stm32f4xx_hal_rcc_ex.o
                                      0xc1cad (size before relaxing)
 .debug_str     0x00000000000ccb1d      0x579 ./Drivers/STM32F4xx_HAL_Driver/Src/stm32f4xx_hal_spi.o
                                      0xc20e0 (size before relaxing)
 .debug_str     0x00000000000cd096     0x2fc7 ./Middlewares/Third_Party/FreeRTOS/Source/CMSIS_RTOS_V2/cmsis_os2.o
                                      0xcc13c (size before relaxing)
 .debug_str     0x00000000000d005d      0x20f ./Middlewares/Third_Party/FreeRTOS/Source/list.o
                                       0xa67c (size before relaxing)
 .debug_str     0x00000000000d026c      0x892 ./Middlewares/Third_Party/FreeRTOS/Source/queue.o
                                       0xc1bc (size before relaxing)
 .debug_str     0x00000000000d0afe     0x106a ./Middlewares/Third_Party/FreeRTOS/Source/tasks.o
                                       0xcc79 (size before relaxing)
 .debug_str     0x00000000000d1b68      0x5af ./Middlewares/Third_Party/FreeRTOS/Source/timers.o
                                       0xc6ee (size before relaxing)
 .debug_str     0x00000000000d2117      0x783 ./Middlewares/Third_Party/FreeRTOS/Source/portable/GCC/ARM_CM4F/port.o
                                       0x85ed (size before relaxing)
 .debug_str     0x00000000000d289a      0x324 ./Middlewares/Third_Party/FreeRTOS/Source/portable/MemMang/heap_4.o
                                       0xafbe (size before relaxing)

.comment        0x0000000000000000       0x50
 .comment       0x0000000000000000       0x50 ./Core/Src/main.o
                                         0x51 (size before relaxing)
 .comment       0x0000000000000050       0x51 ./Core/Src/stm32f4xx_hal_msp.o
 .comment       0x0000000000000050       0x51 ./Core/Src/stm32f4xx_it.o
 .comment       0x0000000000000050       0x51 ./Core/Src/system_stm32f4xx.o
 .comment       0x0000000000000050       0x51 ./Drivers/STM32F4xx_HAL_Driver/Src/stm32f4xx_hal.o
 .comment       0x0000000000000050       0x51 ./Drivers/STM32F4xx_HAL_Driver/Src/stm32f4xx_hal_cortex.o
 .comment       0x0000000000000050       0x51 ./Drivers/STM32F4xx_HAL_Driver/Src/stm32f4xx_hal_gpio.o
 .comment       0x0000000000000050       0x51 ./Drivers/STM32F4xx_HAL_Driver/Src/stm32f4xx_hal_pwr_ex.o
 .comment       0x0000000000000050       0x51 ./Drivers/STM32F4xx_HAL_Driver/Src/stm32f4xx_hal_rcc.o
 .comment       0x0000000000000050       0x51 ./Drivers/STM32F4xx_HAL_Driver/Src/stm32f4xx_hal_rcc_ex.o
 .comment       0x0000000000000050       0x51 ./Drivers/STM32F4xx_HAL_Driver/Src/stm32f4xx_hal_spi.o
 .comment       0x0000000000000050       0x51 ./Middlewares/Third_Party/FreeRTOS/Source/CMSIS_RTOS_V2/cmsis_os2.o
 .comment       0x0000000000000050       0x51 ./Middlewares/Third_Party/FreeRTOS/Source/list.o
 .comment       0x0000000000000050       0x51 ./Middlewares/Third_Party/FreeRTOS/Source/queue.o
 .comment       0x0000000000000050       0x51 ./Middlewares/Third_Party/FreeRTOS/Source/tasks.o
 .comment       0x0000000000000050       0x51 ./Middlewares/Third_Party/FreeRTOS/Source/timers.o
 .comment       0x0000000000000050       0x51 ./Middlewares/Third_Party/FreeRTOS/Source/portable/GCC/ARM_CM4F/port.o
 .comment       0x0000000000000050       0x51 ./Middlewares/Third_Party/FreeRTOS/Source/portable/MemMang/heap_4.o

.debug_frame    0x0000000000000000     0x3cd8
 .debug_frame   0x0000000000000000      0x178 ./Core/Src/main.o
 .debug_frame   0x0000000000000178       0x7c ./Core/Src/stm32f4xx_hal_msp.o
 .debug_frame   0x00000000000001f4       0xc4 ./Core/Src/stm32f4xx_it.o
 .debug_frame   0x00000000000002b8       0x58 ./Core/Src/system_stm32f4xx.o
 .debug_frame   0x0000000000000310      0x374 ./Drivers/STM32F4xx_HAL_Driver/Src/stm32f4xx_hal.o
 .debug_frame   0x0000000000000684      0x498 ./Drivers/STM32F4xx_HAL_Driver/Src/stm32f4xx_hal_cortex.o
 .debug_frame   0x0000000000000b1c      0x14c ./Drivers/STM32F4xx_HAL_Driver/Src/stm32f4xx_hal_gpio.o
 .debug_frame   0x0000000000000c68      0x14c ./Drivers/STM32F4xx_HAL_Driver/Src/stm32f4xx_hal_pwr_ex.o
 .debug_frame   0x0000000000000db4      0x1f4 ./Drivers/STM32F4xx_HAL_Driver/Src/stm32f4xx_hal_rcc.o
 .debug_frame   0x0000000000000fa8      0x1e8 ./Drivers/STM32F4xx_HAL_Driver/Src/stm32f4xx_hal_rcc_ex.o
 .debug_frame   0x0000000000001190      0x824 ./Drivers/STM32F4xx_HAL_Driver/Src/stm32f4xx_hal_spi.o
 .debug_frame   0x00000000000019b4      0xbc8 ./Middlewares/Third_Party/FreeRTOS/Source/CMSIS_RTOS_V2/cmsis_os2.o
 .debug_frame   0x000000000000257c       0xd8 ./Middlewares/Third_Party/FreeRTOS/Source/list.o
 .debug_frame   0x0000000000002654      0x5ec ./Middlewares/Third_Party/FreeRTOS/Source/queue.o
 .debug_frame   0x0000000000002c40      0x8f0 ./Middlewares/Third_Party/FreeRTOS/Source/tasks.o
 .debug_frame   0x0000000000003530      0x400 ./Middlewares/Third_Party/FreeRTOS/Source/timers.o
 .debug_frame   0x0000000000003930      0x1a8 ./Middlewares/Third_Party/FreeRTOS/Source/portable/GCC/ARM_CM4F/port.o
 .debug_frame   0x0000000000003ad8      0x12c ./Middlewares/Third_Party/FreeRTOS/Source/portable/MemMang/heap_4.o
 .debug_frame   0x0000000000003c04       0x2c c:/st/stm32cubeide_1.12.1/stm32cubeide/plugins/com.st.stm32cube.ide.mcu.externaltools.gnu-tools-for-stm32.10.3-2021.10.win32_1.0.200.202301161003/tools/bin/../lib/gcc/arm-none-eabi/10.3.1/../../../../arm-none-eabi/lib/thumb/v7e-m+fp/hard\libc_nano.a(lib_a-init.o)
 .debug_frame   0x0000000000003c30       0x28 c:/st/stm32cubeide_1.12.1/stm32cubeide/plugins/com.st.stm32cube.ide.mcu.externaltools.gnu-tools-for-stm32.10.3-2021.10.win32_1.0.200.202301161003/tools/bin/../lib/gcc/arm-none-eabi/10.3.1/../../../../arm-none-eabi/lib/thumb/v7e-m+fp/hard\libc_nano.a(lib_a-memcpy-stub.o)
 .debug_frame   0x0000000000003c58       0x20 c:/st/stm32cubeide_1.12.1/stm32cubeide/plugins/com.st.stm32cube.ide.mcu.externaltools.gnu-tools-for-stm32.10.3-2021.10.win32_1.0.200.202301161003/tools/bin/../lib/gcc/arm-none-eabi/10.3.1/../../../../arm-none-eabi/lib/thumb/v7e-m+fp/hard\libc_nano.a(lib_a-memset.o)
 .debug_frame   0x0000000000003c78       0x2c c:/st/stm32cubeide_1.12.1/stm32cubeide/plugins/com.st.stm32cube.ide.mcu.externaltools.gnu-tools-for-stm32.10.3-2021.10.win32_1.0.200.202301161003/tools/bin/../lib/gcc/arm-none-eabi/10.3.1/thumb/v7e-m+fp/hard\libgcc.a(_aeabi_uldivmod.o)
 .debug_frame   0x0000000000003ca4       0x34 c:/st/stm32cubeide_1.12.1/stm32cubeide/plugins/com.st.stm32cube.ide.mcu.externaltools.gnu-tools-for-stm32.10.3-2021.10.win32_1.0.200.202301161003/tools/bin/../lib/gcc/arm-none-eabi/10.3.1/thumb/v7e-m+fp/hard\libgcc.a(_udivmoddi4.o)
