../Core/Src/main.c:153:10:xor_checksum	24	static
../Core/Src/main.c:167:5:main	8	static
../Core/Src/main.c:246:6:SystemClock_Config	88	static
../Core/Src/main.c:301:13:MX_SPI1_Init	8	static
../Core/Src/main.c:339:13:MX_GPIO_Init	48	static
../Core/Src/main.c:372:6:spiTransmitReceiveData	32	static
../Core/Src/main.c:473:6:float_for_spi	24	static
../Core/Src/main.c:479:6:spicommand	8	static
../Core/Src/main.c:514:6:StartDefaultTask	16	static
../Core/Src/main.c:557:6:StartTask02	16	static
../Core/Src/main.c:572:6:Error_Handler	4	static,ignoring_inline_asm
